[bench-suite] live log: /home/hongyij/workspace/worktrees/20260812-160102-3370505/tirx-kernels/bench_pipeline_ac10_artifacts/cudagraph/after-gpu2/suite/runs/1.log
[bench-suite]   tail : tail -f /home/hongyij/workspace/worktrees/20260812-160102-3370505/tirx-kernels/bench_pipeline_ac10_artifacts/cudagraph/after-gpu2/suite/latest.log
[bench-suite] run id : 1
[bench-suite] visible: 1 ['2']; util now [2:0%]; mem now [2:0.0%]
[bench-suite] gate: util-threshold=0%, mem-threshold=0% — occupied (skip): ['2']; shareable: [] (resident-VRAM cards: none)
[bench-suite] 1 workloads, 1 probe-OK GPU(s) in pool, one-shot prepared children, compile-profile={'name': 'NVIDIA B200', 'compute_capability': [10, 0], 'cuda_arch': 'sm_100a', 'num_sms': 148}, label=cudagraph-after-6416bb6-gpu2-schema3, 5 standard-timer round(s), aggregate=mean, cooldown=1s before every impl/round
[bench-suite] 2026-08-14T03:14:07+00:00 prepare pid=99009 START act_and_mul/silu_fp16_d4096_t1 (attempt 1)
[bench-suite] 2026-08-14T03:14:11+00:00 READY act_and_mul/silu_fp16_d4096_t1 prepare=3.453s
[bench-suite] 2026-08-14T03:14:12+00:00 gpus=2 GPU_START act_and_mul/silu_fp16_d4096_t1 (attempt 1)
[bench-suite] **********************************************************************
[bench-suite] *** INTERFERED *** act_and_mul/silu_fp16_d4096_t1 attempt 1
[bench-suite] ***   intruder PIDs: [134349]
[bench-suite] ***   stopping GPU attempt; CPU prepare remains in child
[bench-suite] **********************************************************************
[bench-suite] 2026-08-14T03:14:14+00:00 gpus=2 GPU_START act_and_mul/silu_fp16_d4096_t1 (attempt 2)
[bench-suite] **********************************************************************
[bench-suite] *** INTERFERED *** act_and_mul/silu_fp16_d4096_t1 attempt 2
[bench-suite] ***   intruder PIDs: [134349]
[bench-suite] ***   stopping GPU attempt; CPU prepare remains in child
[bench-suite] **********************************************************************
[bench-suite] 2026-08-14T03:14:16+00:00 gpus=2 GPU_START act_and_mul/silu_fp16_d4096_t1 (attempt 3)
[bench-suite] 2026-08-14T03:14:36+00:00 gpus=2 ok   act_and_mul/silu_fp16_d4096_t1 tirx=2.001µs, flashinfer=2.211µs
[bench-suite] interference retry summary: 2 attempt(s)
[bench-suite]   - act_and_mul/silu_fp16_d4096_t1: attempt 1 → intruders [134349]
[bench-suite]   - act_and_mul/silu_fp16_d4096_t1: attempt 2 → intruders [134349]
[bench-suite] wrote /home/hongyij/workspace/worktrees/20260812-160102-3370505/tirx-kernels/bench_pipeline_ac10_artifacts/cudagraph/after-gpu2/suite/runs/1.json
[bench-suite] wrote /home/hongyij/workspace/worktrees/20260812-160102-3370505/tirx-kernels/bench_pipeline_ac10_artifacts/cudagraph/after-gpu2/suite/reports/1/summary.md
