[bench-suite] live log: /home/hongyij/workspace/worktrees/20260812-160102-3370505/tirx-kernels/bench_pipeline_suite_speedup_106_artifacts/after-10/suite/runs/1.log
[bench-suite]   tail : tail -f /home/hongyij/workspace/worktrees/20260812-160102-3370505/tirx-kernels/bench_pipeline_suite_speedup_106_artifacts/after-10/suite/latest.log
[bench-suite] run id : 1
[bench-suite] visible: 8 ['0', '1', '2', '3', '4', '5', '6', '7']; util now [0:0% 1:0% 2:0% 3:0% 4:0% 5:0% 6:0% 7:0%]; mem now [0:0.0% 1:0.0% 2:0.0% 3:0.0% 4:24.7% 5:24.8% 6:22.0% 7:0.0%]
[bench-suite] gate: util-threshold=0%, mem-threshold=85% — occupied (skip): ['7']; shareable: ['0', '1', '2', '3', '4', '5', '6'] (resident-VRAM cards: ['4', '5', '6', '7'])
[bench-suite] 106 workloads, 8 probe-OK GPU(s) in pool, one-shot prepared children, compile-profile={'name': 'NVIDIA B200', 'compute_capability': [10, 0], 'cuda_arch': 'sm_100a', 'num_sms': 148}, label=suite-speedup-after-5429283-cold-106-cutlassdsl460dev0-quack053, 5 standard-timer round(s), aggregate=mean, cooldown=1s before every impl/round
[bench-suite] 2026-08-14T06:46:58+00:00 prepare pid=203740 START fp16_bf16_gemm/fp16_1024x1024x1024 (attempt 1)
[bench-suite] 2026-08-14T06:46:58+00:00 prepare pid=203741 START fp16_bf16_gemm/fp16_16384x16384x16384 (attempt 1)
[bench-suite] 2026-08-14T06:46:58+00:00 prepare pid=203742 START fp16_bf16_gemm/bf16_4096x4096x4096 (attempt 1)
[bench-suite] 2026-08-14T06:46:58+00:00 prepare pid=203743 START nvfp4_gemm/1024x1024x1024 (attempt 1)
[bench-suite] 2026-08-14T06:46:58+00:00 prepare pid=203744 START nvfp4_gemm/4096x4096x4096 (attempt 1)
[bench-suite] 2026-08-14T06:46:58+00:00 prepare pid=203745 START nvfp4_gemm/16384x16384x16384 (attempt 1)
[bench-suite] 2026-08-14T06:46:58+00:00 prepare pid=203747 START deepgemm_fp8_fp4_mega_moe/t64_m64_h7168_i3072_e384_k6_g1 (attempt 1)
[bench-suite] 2026-08-14T06:46:58+00:00 prepare pid=203748 START deepgemm_fp8_fp4_mega_moe/t8192_m8192_h7168_i3072_e384_k6_g1 (attempt 1)
[bench-suite] 2026-08-14T06:46:58+00:00 prepare pid=203749 START deepgemm_sm100_fp4_mqa_logits/s2048_skv4096_h64_d128_f32_dense_cp (attempt 1)
[bench-suite] 2026-08-14T06:46:58+00:00 prepare pid=203750 START deepgemm_sm100_fp4_mqa_logits/s4096_skv8192_h64_d128_bf16_compressed_nocp (attempt 1)
[bench-suite] 2026-08-14T06:46:58+00:00 prepare pid=203751 START deepgemm_sm100_fp4_paged_mqa_logits/b1_n1_mp1_ps32_h64_d128_f32_fixed (attempt 1)
[bench-suite] 2026-08-14T06:46:58+00:00 prepare pid=203752 START deepgemm_sm100_fp4_paged_mqa_logits/b16_n1_mp128_ps64_h64_d128_bf16_fixed (attempt 1)
[bench-suite] 2026-08-14T06:46:58+00:00 prepare pid=203753 START deepgemm_sm100_fp8_bmm/bhr_hdr_bhd_b4096_h8_r4096_d1024 (attempt 1)
[bench-suite] 2026-08-14T06:46:58+00:00 prepare pid=203754 START deepgemm_sm100_fp8_bmm/bhd_hdr_bhr_b8192_h8_r4096_d1024 (attempt 1)
[bench-suite] 2026-08-14T06:46:58+00:00 prepare pid=203755 START deepgemm_sm100_fp8_bmm/bhd_bhr_hdr_b4096_h8_r4096_d1024 (attempt 1)
[bench-suite] 2026-08-14T06:46:58+00:00 prepare pid=203756 START deepgemm_sm100_fp8_gemm_1d1d/m4096_n576_k7168 (attempt 1)
[bench-suite] 2026-08-14T06:47:02+00:00 READY deepgemm_sm100_fp8_bmm/bhd_bhr_hdr_b4096_h8_r4096_d1024 prepare=4.553s
[bench-suite] 2026-08-14T06:47:02+00:00 READY deepgemm_sm100_fp8_gemm_1d1d/m4096_n576_k7168 prepare=4.640s
[bench-suite] 2026-08-14T06:47:02+00:00 prepare pid=204908 START deepgemm_sm100_fp8_gemm_1d1d/m4096_n7168_k16384 (attempt 1)
[bench-suite] 2026-08-14T06:47:03+00:00 READY deepgemm_sm100_fp8_bmm/bhd_hdr_bhr_b8192_h8_r4096_d1024 prepare=4.702s
[bench-suite] 2026-08-14T06:47:03+00:00 prepare pid=204915 START deepgemm_sm100_fp8_gemm_1d1d/m4096_n4096_k7168_bfp4 (attempt 1)
[bench-suite] 2026-08-14T06:47:03+00:00 READY deepgemm_sm100_fp8_bmm/bhr_hdr_bhd_b4096_h8_r4096_d1024 prepare=4.741s
[bench-suite] 2026-08-14T06:47:03+00:00 prepare pid=204921 START deepgemm_sm100_fp8_mqa_logits/s2048_skv4096_h64_d128_f32_dense_cp (attempt 1)
[bench-suite] 2026-08-14T06:47:03+00:00 prepare pid=204944 START deepgemm_sm100_fp8_mqa_logits/s4096_skv8192_h64_d128_bf16_compressed_nocp (attempt 1)
[bench-suite] 2026-08-14T06:47:03+00:00 READY deepgemm_sm100_fp4_paged_mqa_logits/b1_n1_mp1_ps32_h64_d128_f32_fixed prepare=5.153s
[bench-suite] 2026-08-14T06:47:03+00:00 prepare pid=205147 START deepgemm_sm100_fp8_paged_mqa_logits/b1_n1_mp1_ps64_h64_d128_f32_fixed (attempt 1)
[bench-suite] 2026-08-14T06:47:03+00:00 READY nvfp4_gemm/1024x1024x1024 prepare=5.305s
[bench-suite] 2026-08-14T06:47:03+00:00 READY deepgemm_sm100_fp4_paged_mqa_logits/b16_n1_mp128_ps64_h64_d128_bf16_fixed prepare=5.413s
[bench-suite] 2026-08-14T06:47:03+00:00 prepare pid=205238 START deepgemm_sm100_fp8_paged_mqa_logits/b16_n1_mp128_ps64_h64_d128_bf16_fixed (attempt 1)
[bench-suite] 2026-08-14T06:47:03+00:00 READY nvfp4_gemm/4096x4096x4096 prepare=5.479s
[bench-suite] 2026-08-14T06:47:03+00:00 READY nvfp4_gemm/16384x16384x16384 prepare=5.483s
[bench-suite] 2026-08-14T06:47:03+00:00 READY deepgemm_sm100_fp4_mqa_logits/s4096_skv8192_h64_d128_bf16_compressed_nocp prepare=5.474s
[bench-suite] 2026-08-14T06:47:03+00:00 prepare pid=205247 START deepgemm_sm100_k_grouped_fp8_gemm_contiguous/g8_m4096_n7168_k4096_gran32_al160 (attempt 1)
[bench-suite] 2026-08-14T06:47:03+00:00 READY deepgemm_sm100_fp4_mqa_logits/s2048_skv4096_h64_d128_f32_dense_cp prepare=5.617s
[bench-suite] 2026-08-14T06:47:03+00:00 prepare pid=205257 START deepgemm_sm100_k_grouped_fp8_gemm_contiguous/g16_m7168_n2048_k2048_gran128_al128 (attempt 1)
[bench-suite] 2026-08-14T06:47:04+00:00 READY fp16_bf16_gemm/bf16_4096x4096x4096 prepare=6.399s
[bench-suite] 2026-08-14T06:47:04+00:00 READY fp16_bf16_gemm/fp16_1024x1024x1024 prepare=6.405s
[bench-suite] 2026-08-14T06:47:04+00:00 READY fp16_bf16_gemm/fp16_16384x16384x16384 prepare=6.427s
[bench-suite] 2026-08-14T06:47:08+00:00 READY deepgemm_sm100_fp8_gemm_1d1d/m4096_n7168_k16384 prepare=5.159s
[bench-suite] 2026-08-14T06:47:08+00:00 READY deepgemm_sm100_fp8_gemm_1d1d/m4096_n4096_k7168_bfp4 prepare=5.119s
[bench-suite] 2026-08-14T06:47:08+00:00 READY deepgemm_sm100_k_grouped_fp8_gemm_contiguous/g16_m7168_n2048_k2048_gran128_al128 prepare=4.357s
[bench-suite] 2026-08-14T06:47:08+00:00 READY deepgemm_sm100_k_grouped_fp8_gemm_contiguous/g8_m4096_n7168_k4096_gran32_al160 prepare=4.538s
[bench-suite] 2026-08-14T06:47:08+00:00 READY deepgemm_fp8_fp4_mega_moe/t64_m64_h7168_i3072_e384_k6_g1 prepare=10.248s
[bench-suite] 2026-08-14T06:47:08+00:00 gpus=0 GPU_START deepgemm_sm100_fp8_bmm/bhd_bhr_hdr_b4096_h8_r4096_d1024 (attempt 1)
[bench-suite] 2026-08-14T06:47:08+00:00 gpus=1 GPU_START deepgemm_sm100_fp8_gemm_1d1d/m4096_n576_k7168 (attempt 1)
[bench-suite] 2026-08-14T06:47:08+00:00 gpus=7 GPU_START deepgemm_sm100_fp4_paged_mqa_logits/b16_n1_mp128_ps64_h64_d128_bf16_fixed (attempt 1)
[bench-suite] 2026-08-14T06:47:08+00:00 READY deepgemm_sm100_fp8_mqa_logits/s2048_skv4096_h64_d128_f32_dense_cp prepare=5.807s
[bench-suite] 2026-08-14T06:47:08+00:00 READY deepgemm_sm100_fp8_paged_mqa_logits/b1_n1_mp1_ps64_h64_d128_f32_fixed prepare=5.271s
[bench-suite] 2026-08-14T06:47:08+00:00 READY deepgemm_sm100_fp8_mqa_logits/s4096_skv8192_h64_d128_bf16_compressed_nocp prepare=5.664s
[bench-suite] 2026-08-14T06:47:09+00:00 gpus=6 GPU_START deepgemm_sm100_fp8_bmm/bhd_hdr_bhr_b8192_h8_r4096_d1024 (attempt 1)
[bench-suite] 2026-08-14T06:47:09+00:00 READY deepgemm_sm100_fp8_paged_mqa_logits/b16_n1_mp128_ps64_h64_d128_bf16_fixed prepare=5.188s
[bench-suite] 2026-08-14T06:47:09+00:00 gpus=2 GPU_START deepgemm_sm100_fp8_bmm/bhr_hdr_bhd_b4096_h8_r4096_d1024 (attempt 1)
[bench-suite] 2026-08-14T06:47:09+00:00 gpus=3 GPU_START nvfp4_gemm/4096x4096x4096 (attempt 1)
[bench-suite] 2026-08-14T06:47:09+00:00 gpus=4 GPU_START deepgemm_sm100_fp4_paged_mqa_logits/b1_n1_mp1_ps32_h64_d128_f32_fixed (attempt 1)
[bench-suite] 2026-08-14T06:47:09+00:00 READY deepgemm_fp8_fp4_mega_moe/t8192_m8192_h7168_i3072_e384_k6_g1 prepare=10.900s
[bench-suite] 2026-08-14T06:47:09+00:00 gpus=5 GPU_START nvfp4_gemm/1024x1024x1024 (attempt 1)
[bench-suite] **********************************************************************
[bench-suite] *** INTERFERED *** deepgemm_sm100_fp4_paged_mqa_logits/b16_n1_mp128_ps64_h64_d128_bf16_fixed attempt 1
[bench-suite] ***   intruder PIDs: [2599031]
[bench-suite] ***   stopping GPU attempt; CPU prepare remains in child
[bench-suite] **********************************************************************
[bench-suite] 2026-08-14T06:47:11+00:00 gpus=7 GPU_START deepgemm_sm100_fp8_gemm_1d1d/m4096_n7168_k16384 (attempt 1)
[bench-suite] **********************************************************************
[bench-suite] *** INTERFERED *** deepgemm_sm100_fp8_gemm_1d1d/m4096_n7168_k16384 attempt 1
[bench-suite] ***   intruder PIDs: [2599031]
[bench-suite] ***   stopping GPU attempt; CPU prepare remains in child
[bench-suite] **********************************************************************
[bench-suite] 2026-08-14T06:47:14+00:00 gpus=7 GPU_START deepgemm_sm100_fp4_mqa_logits/s4096_skv8192_h64_d128_bf16_compressed_nocp (attempt 1)
[bench-suite] 2026-08-14T06:47:21+00:00 gpus=0 ok   deepgemm_sm100_fp8_bmm/bhd_bhr_hdr_b4096_h8_r4096_d1024 tirx=132.856µs, deepgemm=136.752µs
[bench-suite] 2026-08-14T06:47:22+00:00 gpus=1 ok   deepgemm_sm100_fp8_gemm_1d1d/m4096_n576_k7168 tirx=18.801µs, deepgemm=19.089µs
[bench-suite] 2026-08-14T06:47:22+00:00 prepare pid=205963 START deepgemm_sm100_k_grouped_fp8_gemm_contiguous/g4_m4096_n7168_k8192_gran128_al128_psum (attempt 1)
[bench-suite] 2026-08-14T06:47:22+00:00 gpus=2 ok   deepgemm_sm100_fp8_bmm/bhr_hdr_bhd_b4096_h8_r4096_d1024 tirx=98.715µs, deepgemm=99.236µs
[bench-suite] 2026-08-14T06:47:22+00:00 gpus=4 ok   deepgemm_sm100_fp4_paged_mqa_logits/b1_n1_mp1_ps32_h64_d128_f32_fixed tirx=4.360µs, deepgemm=5.133µs
[bench-suite] 2026-08-14T06:47:23+00:00 prepare pid=206034 START deepgemm_sm100_m_grouped_fp8_gemm_contiguous/g4_m8192_n6144_k7168 (attempt 1)
[bench-suite] 2026-08-14T06:47:23+00:00 gpus=0 GPU_START nvfp4_gemm/16384x16384x16384 (attempt 1)
[bench-suite] 2026-08-14T06:47:23+00:00 prepare pid=206100 START deepgemm_sm100_m_grouped_fp8_gemm_contiguous/g8_m4096_n4096_k2048_bfp4 (attempt 1)
[bench-suite] 2026-08-14T06:47:23+00:00 gpus=6 ok   deepgemm_sm100_fp8_bmm/bhd_hdr_bhr_b8192_h8_r4096_d1024 tirx=228.154µs, deepgemm=246.285µs
[bench-suite] 2026-08-14T06:47:23+00:00 prepare pid=206103 START deepgemm_sm100_m_grouped_fp8_gemm_contiguous/g8_m4096_n7168_k3072_psum_zp (attempt 1)
[bench-suite] 2026-08-14T06:47:25+00:00 prepare pid=206249 START deepgemm_sm100_m_grouped_fp8_gemm_masked/g32_m192_n6144_k7168 (attempt 1)
[bench-suite] 2026-08-14T06:47:26+00:00 gpus=2 GPU_START fp16_bf16_gemm/bf16_4096x4096x4096 (attempt 1)
[bench-suite] 2026-08-14T06:47:26+00:00 gpus=1 GPU_START deepgemm_sm100_fp4_mqa_logits/s2048_skv4096_h64_d128_f32_dense_cp (attempt 1)
[bench-suite] 2026-08-14T06:47:26+00:00 gpus=4 GPU_START fp16_bf16_gemm/fp16_1024x1024x1024 (attempt 1)
[bench-suite] 2026-08-14T06:47:26+00:00 gpus=6 GPU_START fp16_bf16_gemm/fp16_16384x16384x16384 (attempt 1)
[bench-suite] 2026-08-14T06:47:27+00:00 READY deepgemm_sm100_k_grouped_fp8_gemm_contiguous/g4_m4096_n7168_k8192_gran128_al128_psum prepare=4.460s
[bench-suite] 2026-08-14T06:47:28+00:00 READY deepgemm_sm100_m_grouped_fp8_gemm_contiguous/g4_m8192_n6144_k7168 prepare=4.819s
[bench-suite] 2026-08-14T06:47:28+00:00 READY deepgemm_sm100_m_grouped_fp8_gemm_contiguous/g8_m4096_n4096_k2048_bfp4 prepare=4.449s
[bench-suite] 2026-08-14T06:47:28+00:00 READY deepgemm_sm100_m_grouped_fp8_gemm_contiguous/g8_m4096_n7168_k3072_psum_zp prepare=4.385s
[bench-suite] 2026-08-14T06:47:29+00:00 gpus=7 ok   deepgemm_sm100_fp4_mqa_logits/s4096_skv8192_h64_d128_bf16_compressed_nocp tirx=185.430µs, deepgemm=182.754µs
[bench-suite] 2026-08-14T06:47:29+00:00 READY deepgemm_sm100_m_grouped_fp8_gemm_masked/g32_m192_n6144_k7168 prepare=3.918s
[bench-suite] 2026-08-14T06:47:30+00:00 prepare pid=206751 START deepgemm_sm100_m_grouped_fp8_gemm_masked/g6_m1024_n4096_k2048 (attempt 1)
[bench-suite] 2026-08-14T06:47:30+00:00 gpus=7 GPU_START deepgemm_sm100_fp8_gemm_1d1d/m4096_n4096_k7168_bfp4 (attempt 1)
[bench-suite] 2026-08-14T06:47:33+00:00 READY deepgemm_sm100_m_grouped_fp8_gemm_masked/g6_m1024_n4096_k2048 prepare=3.805s
[bench-suite] 2026-08-14T06:47:39+00:00 gpus=4 ok   fp16_bf16_gemm/fp16_1024x1024x1024 tir=6.909µs, torch-cublas=6.057µs
[bench-suite] 2026-08-14T06:47:39+00:00 prepare pid=206977 START deepgemm_sm100_m_grouped_fp8_gemm_masked/g32_m192_n4096_k4096_bfp4 (attempt 1)
[bench-suite] 2026-08-14T06:47:39+00:00 gpus=1 ok   deepgemm_sm100_fp4_mqa_logits/s2048_skv4096_h64_d128_f32_dense_cp tirx=37.904µs, deepgemm=39.316µs
[bench-suite] 2026-08-14T06:47:40+00:00 gpus=4 GPU_START deepgemm_sm100_k_grouped_fp8_gemm_contiguous/g16_m7168_n2048_k2048_gran128_al128 (attempt 1)
[bench-suite] 2026-08-14T06:47:40+00:00 prepare pid=207047 START deepgemm_sm100_tf32_hc_prenorm_gemm/m128_n24_k16384_s64 (attempt 1)
[bench-suite] 2026-08-14T06:47:40+00:00 gpus=1 GPU_START deepgemm_sm100_k_grouped_fp8_gemm_contiguous/g8_m4096_n7168_k4096_gran32_al160 (attempt 1)
[bench-suite] 2026-08-14T06:47:42+00:00 gpus=6 ok   fp16_bf16_gemm/fp16_16384x16384x16384 tir=5992.390µs, torch-cublas=5910.403µs
[bench-suite] 2026-08-14T06:47:43+00:00 prepare pid=207158 START deepgemm_sm100_tf32_hc_prenorm_gemm/m8192_n24_k28672_s1 (attempt 1)
[bench-suite] 2026-08-14T06:47:43+00:00 gpus=6 GPU_START deepgemm_fp8_fp4_mega_moe/t64_m64_h7168_i3072_e384_k6_g1 (attempt 1)
[bench-suite] 2026-08-14T06:47:43+00:00 gpus=7 ok   deepgemm_sm100_fp8_gemm_1d1d/m4096_n4096_k7168_bfp4 tirx=78.203µs, deepgemm=78.520µs
[bench-suite] 2026-08-14T06:47:43+00:00 READY deepgemm_sm100_m_grouped_fp8_gemm_masked/g32_m192_n4096_k4096_bfp4 prepare=3.991s
[bench-suite] 2026-08-14T06:47:44+00:00 prepare pid=207252 START deepgemm_sm100_tf32_hc_prenorm_gemm/m4096_n24_k7168_s1 (attempt 1)
[bench-suite] 2026-08-14T06:47:44+00:00 gpus=7 GPU_START deepgemm_sm100_fp8_mqa_logits/s2048_skv4096_h64_d128_f32_dense_cp (attempt 1)
[bench-suite] 2026-08-14T06:47:45+00:00 READY deepgemm_sm100_tf32_hc_prenorm_gemm/m128_n24_k16384_s64 prepare=4.616s
[bench-suite] 2026-08-14T06:47:47+00:00 READY deepgemm_sm100_tf32_hc_prenorm_gemm/m8192_n24_k28672_s1 prepare=4.391s
[bench-suite] 2026-08-14T06:47:48+00:00 READY deepgemm_sm100_tf32_hc_prenorm_gemm/m4096_n24_k7168_s1 prepare=4.391s
[bench-suite] 2026-08-14T06:47:52+00:00 gpus=2 ok   fp16_bf16_gemm/bf16_4096x4096x4096 tir=91.815µs, torch-cublas=89.323µs, deepgemm-cublaslt=89.344µs, deepgemm-bf16=89.464µs
[bench-suite] 2026-08-14T06:47:52+00:00 prepare pid=207464 START flash_attention4/s1024_h32kv4 (attempt 1)
[bench-suite] 2026-08-14T06:47:53+00:00 gpus=2 GPU_START deepgemm_sm100_fp8_paged_mqa_logits/b1_n1_mp1_ps64_h64_d128_f32_fixed (attempt 1)
[bench-suite] 2026-08-14T06:47:53+00:00 gpus=4 ok   deepgemm_sm100_k_grouped_fp8_gemm_contiguous/g16_m7168_n2048_k2048_gran128_al128 tirx=582.349µs, deepgemm=583.675µs
[bench-suite] 2026-08-14T06:47:54+00:00 prepare pid=207540 START flash_attention4/s4096_h32kv4_causal (attempt 1)
[bench-suite] 2026-08-14T06:47:54+00:00 gpus=4 GPU_START deepgemm_sm100_fp8_mqa_logits/s4096_skv8192_h64_d128_bf16_compressed_nocp (attempt 1)
[bench-suite] 2026-08-14T06:47:54+00:00 gpus=1 ok   deepgemm_sm100_k_grouped_fp8_gemm_contiguous/g8_m4096_n7168_k4096_gran32_al160 tirx=914.057µs, deepgemm=942.945µs
[bench-suite] 2026-08-14T06:47:55+00:00 prepare pid=207610 START flash_attention4/s8192_h32kv32 (attempt 1)
[bench-suite] 2026-08-14T06:47:55+00:00 gpus=1 GPU_START deepgemm_sm100_fp8_paged_mqa_logits/b16_n1_mp128_ps64_h64_d128_bf16_fixed (attempt 1)
[bench-suite] 2026-08-14T06:47:58+00:00 gpus=7 ok   deepgemm_sm100_fp8_mqa_logits/s2048_skv4096_h64_d128_f32_dense_cp tirx=40.074µs, deepgemm=41.088µs
[bench-suite] 2026-08-14T06:47:58+00:00 prepare pid=207764 START flash_attention_backward_sm100/b1_s2048_h16_causal (attempt 1)
[bench-suite] 2026-08-14T06:47:59+00:00 gpus=7 GPU_START deepgemm_fp8_fp4_mega_moe/t8192_m8192_h7168_i3072_e384_k6_g1 (attempt 1)
[bench-suite] 2026-08-14T06:48:00+00:00 READY flash_attention4/s1024_h32kv4 prepare=7.208s
[bench-suite] **********************************************************************
[bench-suite] *** INTERFERED *** deepgemm_sm100_fp8_paged_mqa_logits/b1_n1_mp1_ps64_h64_d128_f32_fixed attempt 1
[bench-suite] ***   intruder PIDs: [2607666]
[bench-suite] ***   stopping GPU attempt; CPU prepare remains in child
[bench-suite] **********************************************************************
[bench-suite] 2026-08-14T06:48:01+00:00 READY flash_attention4/s4096_h32kv4_causal prepare=7.227s
[bench-suite] 2026-08-14T06:48:02+00:00 gpus=2 GPU_START deepgemm_sm100_m_grouped_fp8_gemm_masked/g32_m192_n6144_k7168 (attempt 1)
[bench-suite] 2026-08-14T06:48:02+00:00 gpus=6 ok   deepgemm_fp8_fp4_mega_moe/t64_m64_h7168_i3072_e384_k6_g1 tirx=1300.000µs, deepgemm=1287.000µs
[bench-suite] 2026-08-14T06:48:02+00:00 READY flash_attention4/s8192_h32kv32 prepare=7.386s
[bench-suite] **********************************************************************
[bench-suite] *** INTERFERED *** deepgemm_sm100_m_grouped_fp8_gemm_masked/g32_m192_n6144_k7168 attempt 1
[bench-suite] ***   intruder PIDs: [2608074]
[bench-suite] ***   stopping GPU attempt; CPU prepare remains in child
[bench-suite] **********************************************************************
[bench-suite] 2026-08-14T06:48:03+00:00 prepare pid=207938 START flash_attention_backward_sm100/b1_s8192_h16_noncausal (attempt 1)
[bench-suite] 2026-08-14T06:48:03+00:00 gpus=6 GPU_START deepgemm_sm100_k_grouped_fp8_gemm_contiguous/g4_m4096_n7168_k8192_gran128_al128_psum (attempt 1)
[bench-suite] 2026-08-14T06:48:05+00:00 gpus=2 GPU_START deepgemm_sm100_m_grouped_fp8_gemm_contiguous/g4_m8192_n6144_k7168 (attempt 1)
[bench-suite] **********************************************************************
[bench-suite] *** INTERFERED *** deepgemm_sm100_m_grouped_fp8_gemm_contiguous/g4_m8192_n6144_k7168 attempt 1
[bench-suite] ***   intruder PIDs: [2608453]
[bench-suite] ***   stopping GPU attempt; CPU prepare remains in child
[bench-suite] **********************************************************************
[bench-suite] 2026-08-14T06:48:06+00:00 gpus=2 GPU_START deepgemm_sm100_m_grouped_fp8_gemm_masked/g32_m192_n4096_k4096_bfp4 (attempt 1)
[bench-suite] 2026-08-14T06:48:08+00:00 READY flash_attention_backward_sm100/b1_s2048_h16_causal prepare=9.926s
[bench-suite] 2026-08-14T06:48:09+00:00 gpus=4 ok   deepgemm_sm100_fp8_mqa_logits/s4096_skv8192_h64_d128_bf16_compressed_nocp tirx=181.402µs, deepgemm=192.065µs
[bench-suite] 2026-08-14T06:48:09+00:00 prepare pid=208114 START flash_attention_backward_sm100/b4_s8192_h16_noncausal (attempt 1)
[bench-suite] 2026-08-14T06:48:10+00:00 gpus=4 GPU_START deepgemm_sm100_m_grouped_fp8_gemm_contiguous/g8_m4096_n4096_k2048_bfp4 (attempt 1)
[bench-suite] 2026-08-14T06:48:13+00:00 READY flash_attention_backward_sm100/b1_s8192_h16_noncausal prepare=9.408s
[bench-suite] 2026-08-14T06:48:17+00:00 gpus=6 ok   deepgemm_sm100_k_grouped_fp8_gemm_contiguous/g4_m4096_n7168_k8192_gran128_al128_psum tirx=872.002µs, deepgemm=867.541µs
[bench-suite] 2026-08-14T06:48:18+00:00 prepare pid=208445 START act_and_mul/silu_fp16_d4096_t1 (attempt 1)
[bench-suite] 2026-08-14T06:48:18+00:00 gpus=6 GPU_START deepgemm_sm100_m_grouped_fp8_gemm_contiguous/g8_m4096_n7168_k3072_psum_zp (attempt 1)
[bench-suite] 2026-08-14T06:48:18+00:00 gpus=1 ok   deepgemm_sm100_fp8_paged_mqa_logits/b16_n1_mp128_ps64_h64_d128_bf16_fixed tirx=6.661µs, deepgemm=6.923µs, sglang_cutedsl=6.901µs
[bench-suite] 2026-08-14T06:48:19+00:00 READY flash_attention_backward_sm100/b4_s8192_h16_noncausal prepare=9.188s
[bench-suite] 2026-08-14T06:48:20+00:00 prepare pid=208537 START act_and_mul/silu_bf16_d16384_t32768 (attempt 1)
[bench-suite] 2026-08-14T06:48:20+00:00 gpus=1 GPU_START deepgemm_sm100_m_grouped_fp8_gemm_masked/g6_m1024_n4096_k2048 (attempt 1)
[bench-suite] 2026-08-14T06:48:20+00:00 gpus=2 ok   deepgemm_sm100_m_grouped_fp8_gemm_masked/g32_m192_n4096_k4096_bfp4 tirx=113.162µs, deepgemm=113.575µs
[bench-suite] 2026-08-14T06:48:20+00:00 prepare pid=208615 START act_and_mul/gelu_tanh_fp16_d11008_t8192 (attempt 1)
[bench-suite] 2026-08-14T06:48:21+00:00 gpus=2 GPU_START deepgemm_sm100_tf32_hc_prenorm_gemm/m128_n24_k16384_s64 (attempt 1)
[bench-suite] 2026-08-14T06:48:22+00:00 READY act_and_mul/silu_fp16_d4096_t1 prepare=3.506s
[bench-suite] 2026-08-14T06:48:23+00:00 READY act_and_mul/silu_bf16_d16384_t32768 prepare=3.341s
[bench-suite] 2026-08-14T06:48:23+00:00 gpus=4 ok   deepgemm_sm100_m_grouped_fp8_gemm_contiguous/g8_m4096_n4096_k2048_bfp4 tirx=187.307µs, deepgemm=188.747µs
[bench-suite] 2026-08-14T06:48:24+00:00 prepare pid=208774 START silu_and_mul_nvfp4_experts_quantize/fp16_b128_m2048_k2048 (attempt 1)
[bench-suite] 2026-08-14T06:48:24+00:00 READY act_and_mul/gelu_tanh_fp16_d11008_t8192 prepare=3.516s
[bench-suite] 2026-08-14T06:48:24+00:00 gpus=4 GPU_START deepgemm_sm100_tf32_hc_prenorm_gemm/m8192_n24_k28672_s1 (attempt 1)
[bench-suite] 2026-08-14T06:48:27+00:00 READY silu_and_mul_nvfp4_experts_quantize/fp16_b128_m2048_k2048 prepare=3.362s
[bench-suite] 2026-08-14T06:48:32+00:00 gpus=6 ok   deepgemm_sm100_m_grouped_fp8_gemm_contiguous/g8_m4096_n7168_k3072_psum_zp tirx=560.741µs, deepgemm=532.148µs
[bench-suite] 2026-08-14T06:48:33+00:00 prepare pid=208961 START silu_and_mul_nvfp4_experts_quantize/bf16_b8_m512_k2048 (attempt 1)
[bench-suite] 2026-08-14T06:48:33+00:00 gpus=6 GPU_START deepgemm_sm100_tf32_hc_prenorm_gemm/m4096_n24_k7168_s1 (attempt 1)
[bench-suite] 2026-08-14T06:48:33+00:00 gpus=1 ok   deepgemm_sm100_m_grouped_fp8_gemm_masked/g6_m1024_n4096_k2048 tirx=39.414µs, deepgemm=39.372µs
[bench-suite] 2026-08-14T06:48:33+00:00 prepare pid=209031 START silu_and_mul_nvfp4_experts_quantize/fp16_b8_m16_k2048 (attempt 1)
[bench-suite] 2026-08-14T06:48:34+00:00 gpus=7 ok   deepgemm_fp8_fp4_mega_moe/t8192_m8192_h7168_i3072_e384_k6_g1 tirx=3408.000µs, deepgemm=3407.600µs
[bench-suite] 2026-08-14T06:48:34+00:00 gpus=7 GPU_START deepgemm_sm100_fp4_paged_mqa_logits/b16_n1_mp128_ps64_h64_d128_bf16_fixed (attempt 2)
[bench-suite] 2026-08-14T06:48:34+00:00 gpus=1 GPU_START flash_attention4/s1024_h32kv4 (attempt 1)
[bench-suite] 2026-08-14T06:48:34+00:00 gpus=2 ok   deepgemm_sm100_tf32_hc_prenorm_gemm/m128_n24_k16384_s64 tirx=5.256µs, deepgemm=5.236µs
[bench-suite] 2026-08-14T06:48:34+00:00 gpus=2 GPU_START deepgemm_sm100_fp8_paged_mqa_logits/b1_n1_mp1_ps64_h64_d128_f32_fixed (attempt 2)
[bench-suite] 2026-08-14T06:48:35+00:00 prepare pid=209220 START gdn_decode_bf16_wide_vec_t1/b16_h16_hv32_tv64 (attempt 1)
[bench-suite] 2026-08-14T06:48:35+00:00 prepare pid=209222 START gdn_decode_bf16_wide_vec_t1/b128_h8_hv16_tv128 (attempt 1)
[bench-suite] 2026-08-14T06:48:36+00:00 READY silu_and_mul_nvfp4_experts_quantize/bf16_b8_m512_k2048 prepare=3.557s
[bench-suite] 2026-08-14T06:48:37+00:00 gpus=4 ok   deepgemm_sm100_tf32_hc_prenorm_gemm/m8192_n24_k28672_s1 tirx=83.808µs, deepgemm=91.909µs
[bench-suite] 2026-08-14T06:48:37+00:00 READY silu_and_mul_nvfp4_experts_quantize/fp16_b8_m16_k2048 prepare=3.571s
[bench-suite] 2026-08-14T06:48:37+00:00 prepare pid=209430 START gdn_decode_bf16_wide_vec_t1/b512_h4_hv8_tv128 (attempt 1)
[bench-suite] 2026-08-14T06:48:38+00:00 gpus=4 GPU_START flash_attention4/s4096_h32kv4_causal (attempt 1)
[bench-suite] 2026-08-14T06:48:39+00:00 READY gdn_decode_bf16_wide_vec_t1/b16_h16_hv32_tv64 prepare=4.262s
[bench-suite] 2026-08-14T06:48:39+00:00 READY gdn_decode_bf16_wide_vec_t1/b128_h8_hv16_tv128 prepare=4.334s
[bench-suite] 2026-08-14T06:48:41+00:00 READY gdn_decode_bf16_wide_vec_t1/b512_h4_hv8_tv128 prepare=3.939s
[bench-suite] 2026-08-14T06:48:46+00:00 gpus=6 ok   deepgemm_sm100_tf32_hc_prenorm_gemm/m4096_n24_k7168_s1 tirx=23.062µs, deepgemm=23.682µs
[bench-suite] 2026-08-14T06:48:46+00:00 gpus=7 ok   deepgemm_sm100_fp4_paged_mqa_logits/b16_n1_mp128_ps64_h64_d128_bf16_fixed tirx=6.357µs, deepgemm=6.532µs
[bench-suite] 2026-08-14T06:48:46+00:00 gpus=7 GPU_START deepgemm_sm100_fp8_gemm_1d1d/m4096_n7168_k16384 (attempt 2)
[bench-suite] 2026-08-14T06:48:47+00:00 prepare pid=209772 START gdn_prefill_sm100/hq8_hv32_s1024x8 (attempt 1)
[bench-suite] 2026-08-14T06:48:47+00:00 prepare pid=209777 START gdn_prefill_sm100/hq16_hv64_s1x8192 (attempt 1)
[bench-suite] 2026-08-14T06:48:47+00:00 gpus=6 GPU_START flash_attention4/s8192_h32kv32 (attempt 1)
[bench-suite] 2026-08-14T06:48:50+00:00 gpus=1 ok   flash_attention4/s1024_h32kv4 tir=19.516µs, flashattn_sm100=20.127µs
[bench-suite] 2026-08-14T06:48:51+00:00 gpus=1 GPU_START flash_attention_backward_sm100/b1_s2048_h16_causal (attempt 1)
[bench-suite] 2026-08-14T06:48:51+00:00 prepare pid=210073 START gdn_prefill_sm100/hq32_hv32_s8192x16 (attempt 1)
[bench-suite] 2026-08-14T06:48:53+00:00 gpus=2 ok   deepgemm_sm100_fp8_paged_mqa_logits/b1_n1_mp1_ps64_h64_d128_f32_fixed tirx=4.579µs, deepgemm=5.062µs, sglang_cutedsl=4.990µs
[bench-suite] 2026-08-14T06:48:53+00:00 gpus=2 GPU_START deepgemm_sm100_m_grouped_fp8_gemm_masked/g32_m192_n6144_k7168 (attempt 2)
[bench-suite] 2026-08-14T06:48:54+00:00 READY gdn_prefill_sm100/hq8_hv32_s1024x8 prepare=6.728s
[bench-suite] 2026-08-14T06:48:54+00:00 READY gdn_prefill_sm100/hq16_hv64_s1x8192 prepare=6.742s
[bench-suite] 2026-08-14T06:48:54+00:00 prepare pid=210236 START tinygemm2_sm100/b1_o128_k720 (attempt 1)
[bench-suite] 2026-08-14T06:48:55+00:00 gpus=4 ok   flash_attention4/s4096_h32kv4_causal tir=112.037µs, flashattn_sm100=115.919µs
[bench-suite] 2026-08-14T06:48:56+00:00 prepare pid=210349 START tinygemm2_sm100/b16_o2880_k2880 (attempt 1)
[bench-suite] 2026-08-14T06:48:56+00:00 gpus=4 GPU_START flash_attention_backward_sm100/b1_s8192_h16_noncausal (attempt 1)
[bench-suite] 2026-08-14T06:48:57+00:00 READY gdn_prefill_sm100/hq32_hv32_s8192x16 prepare=6.651s
[bench-suite] 2026-08-14T06:48:58+00:00 READY tinygemm2_sm100/b1_o128_k720 prepare=3.619s
[bench-suite] 2026-08-14T06:48:59+00:00 gpus=7 ok   deepgemm_sm100_fp8_gemm_1d1d/m4096_n7168_k16384 tirx=322.754µs, deepgemm=323.322µs
[bench-suite] 2026-08-14T06:49:00+00:00 prepare pid=210512 START tinygemm2_sm100/b64_o4096_k3072 (attempt 1)
[bench-suite] 2026-08-14T06:49:00+00:00 READY tinygemm2_sm100/b16_o2880_k2880 prepare=3.611s
[bench-suite] 2026-08-14T06:49:00+00:00 gpus=7 GPU_START flash_attention_backward_sm100/b4_s8192_h16_noncausal (attempt 1)
[bench-suite] 2026-08-14T06:49:03+00:00 READY tinygemm2_sm100/b64_o4096_k3072 prepare=3.618s
[bench-suite] **********************************************************************
[bench-suite] *** INTERFERED *** flash_attention_backward_sm100/b4_s8192_h16_noncausal attempt 1
[bench-suite] ***   intruder PIDs: [2617709]
[bench-suite] ***   stopping GPU attempt; CPU prepare remains in child
[bench-suite] **********************************************************************
[bench-suite] 2026-08-14T06:49:06+00:00 gpus=7 GPU_START gdn_decode_bf16_wide_vec_t1/b128_h8_hv16_tv128 (attempt 1)
[bench-suite] 2026-08-14T06:49:06+00:00 gpus=2 ok   deepgemm_sm100_m_grouped_fp8_gemm_masked/g32_m192_n6144_k7168 tirx=330.222µs, deepgemm=325.653µs
[bench-suite] 2026-08-14T06:49:06+00:00 gpus=2 GPU_START deepgemm_sm100_m_grouped_fp8_gemm_contiguous/g4_m8192_n6144_k7168 (attempt 2)
[bench-suite] 2026-08-14T06:49:07+00:00 prepare pid=210697 START flashkda_bf16_fused_m128/h96_fixed8192 (attempt 1)
[bench-suite] **********************************************************************
[bench-suite] *** INTERFERED *** gdn_decode_bf16_wide_vec_t1/b128_h8_hv16_tv128 attempt 1
[bench-suite] ***   intruder PIDs: [2617709]
[bench-suite] ***   stopping GPU attempt; CPU prepare remains in child
[bench-suite] **********************************************************************
[bench-suite] 2026-08-14T06:49:08+00:00 gpus=6 ok   flash_attention4/s8192_h32kv32 tir=777.363µs, flashattn_sm100=792.673µs
[bench-suite] 2026-08-14T06:49:09+00:00 gpus=7 GPU_START act_and_mul/silu_fp16_d4096_t1 (attempt 1)
[bench-suite] 2026-08-14T06:49:09+00:00 prepare pid=210831 START flashkda_bf16_fused_m128/h96_uniform (attempt 1)
[bench-suite] 2026-08-14T06:49:10+00:00 gpus=6 GPU_START act_and_mul/silu_bf16_d16384_t32768 (attempt 1)
[bench-suite] 2026-08-14T06:49:11+00:00 gpus=1 ok   flash_attention_backward_sm100/b1_s2048_h16_causal tir=82.597µs, flashattn_sm100=82.255µs
[bench-suite] 2026-08-14T06:49:11+00:00 prepare pid=210949 START flashkda_bf16_fused_m128/h64_mixed (attempt 1)
[bench-suite] 2026-08-14T06:49:12+00:00 gpus=1 GPU_START act_and_mul/gelu_tanh_fp16_d11008_t8192 (attempt 1)
[bench-suite] 2026-08-14T06:49:12+00:00 READY flashkda_bf16_fused_m128/h96_fixed8192 prepare=5.505s
[bench-suite] 2026-08-14T06:49:15+00:00 READY flashkda_bf16_fused_m128/h96_uniform prepare=5.361s
[bench-suite] 2026-08-14T06:49:15+00:00 gpus=4 ok   flash_attention_backward_sm100/b1_s8192_h16_noncausal tir=1107.690µs, flashattn_sm100=1105.810µs
[bench-suite] 2026-08-14T06:49:16+00:00 prepare pid=211160 START recurrent_kda_decode_grouped/dec_hv16_b1 (attempt 1)
[bench-suite] 2026-08-14T06:49:16+00:00 gpus=4 GPU_START silu_and_mul_nvfp4_experts_quantize/fp16_b128_m2048_k2048 (attempt 1)
[bench-suite] 2026-08-14T06:49:17+00:00 READY flashkda_bf16_fused_m128/h64_mixed prepare=5.263s
[bench-suite] 2026-08-14T06:49:19+00:00 gpus=2 ok   deepgemm_sm100_m_grouped_fp8_gemm_contiguous/g4_m8192_n6144_k7168 tirx=1006.265µs, deepgemm=1021.891µs
[bench-suite] 2026-08-14T06:49:20+00:00 prepare pid=211302 START recurrent_kda_decode_grouped/ver_t8_hv16_b128 (attempt 1)
[bench-suite] 2026-08-14T06:49:20+00:00 READY recurrent_kda_decode_grouped/dec_hv16_b1 prepare=3.637s
[bench-suite] 2026-08-14T06:49:20+00:00 gpus=2 GPU_START silu_and_mul_nvfp4_experts_quantize/bf16_b8_m512_k2048 (attempt 1)
[bench-suite] 2026-08-14T06:49:24+00:00 READY recurrent_kda_decode_grouped/ver_t8_hv16_b128 prepare=3.880s
[bench-suite] 2026-08-14T06:49:25+00:00 gpus=7 ok   act_and_mul/silu_fp16_d4096_t1 tirx=2.123µs, flashinfer=2.298µs
[bench-suite] 2026-08-14T06:49:26+00:00 prepare pid=211469 START recurrent_kda_decode_grouped/ver_t8_hv12_b16 (attempt 1)
[bench-suite] 2026-08-14T06:49:26+00:00 gpus=6 ok   act_and_mul/silu_bf16_d16384_t32768 tirx=454.445µs, flashinfer=474.881µs
[bench-suite] 2026-08-14T06:49:27+00:00 gpus=7 GPU_START silu_and_mul_nvfp4_experts_quantize/fp16_b8_m16_k2048 (attempt 1)
[bench-suite] 2026-08-14T06:49:27+00:00 prepare pid=211557 START recurrent_kda_decode_one_warp/hv16_b8_tr8_lb (attempt 1)
[bench-suite] 2026-08-14T06:49:28+00:00 gpus=6 GPU_START gdn_decode_bf16_wide_vec_t1/b16_h16_hv32_tv64 (attempt 1)
[bench-suite] 2026-08-14T06:49:29+00:00 gpus=1 ok   act_and_mul/gelu_tanh_fp16_d11008_t8192 tirx=97.325µs, flashinfer=109.253µs
[bench-suite] 2026-08-14T06:49:29+00:00 prepare pid=211685 START recurrent_kda_decode_one_warp/hv16_b128_tr16_lb (attempt 1)
[bench-suite] 2026-08-14T06:49:30+00:00 gpus=1 GPU_START gdn_decode_bf16_wide_vec_t1/b512_h4_hv8_tv128 (attempt 1)
[bench-suite] 2026-08-14T06:49:30+00:00 READY recurrent_kda_decode_grouped/ver_t8_hv12_b16 prepare=3.965s
[bench-suite] 2026-08-14T06:49:30+00:00 gpus=4 ok   silu_and_mul_nvfp4_experts_quantize/fp16_b128_m2048_k2048 tirx=276.790µs, flashinfer=297.810µs
[bench-suite] 2026-08-14T06:49:31+00:00 prepare pid=211782 START recurrent_kda_decode_one_warp/hv12_b64_tr16_lb (attempt 1)
[bench-suite] 2026-08-14T06:49:31+00:00 READY recurrent_kda_decode_one_warp/hv16_b8_tr8_lb prepare=3.636s
[bench-suite] 2026-08-14T06:49:31+00:00 gpus=4 GPU_START gdn_prefill_sm100/hq8_hv32_s1024x8 (attempt 1)
[bench-suite] 2026-08-14T06:49:33+00:00 READY recurrent_kda_decode_one_warp/hv16_b128_tr16_lb prepare=3.577s
[bench-suite] 2026-08-14T06:49:34+00:00 gpus=2 ok   silu_and_mul_nvfp4_experts_quantize/bf16_b8_m512_k2048 tirx=8.891µs, flashinfer=10.524µs
[bench-suite] 2026-08-14T06:49:35+00:00 prepare pid=211973 START selective_state_update_mtp_horizontal/b1_h64_d64_s128_t6_r8_statebf16_official (attempt 1)
[bench-suite] 2026-08-14T06:49:35+00:00 READY recurrent_kda_decode_one_warp/hv12_b64_tr16_lb prepare=3.859s
[bench-suite] 2026-08-14T06:49:35+00:00 gpus=2 GPU_START gdn_prefill_sm100/hq16_hv64_s1x8192 (attempt 1)
[bench-suite] 2026-08-14T06:49:39+00:00 READY selective_state_update_mtp_horizontal/b1_h64_d64_s128_t6_r8_statebf16_official prepare=3.889s
[bench-suite] 2026-08-14T06:49:41+00:00 gpus=7 ok   silu_and_mul_nvfp4_experts_quantize/fp16_b8_m16_k2048 tirx=3.423µs, flashinfer=4.220µs
[bench-suite] 2026-08-14T06:49:41+00:00 prepare pid=212179 START selective_state_update_mtp_horizontal/b512_h64_d64_s128_t6_r8_statebf16_official (attempt 1)
[bench-suite] 2026-08-14T06:49:41+00:00 gpus=7 GPU_START gdn_prefill_sm100/hq32_hv32_s8192x16 (attempt 1)
[bench-suite] 2026-08-14T06:49:43+00:00 gpus=6 ok   gdn_decode_bf16_wide_vec_t1/b16_h16_hv32_tv64 tirx=8.850µs, flashinfer_cutedsl=9.103µs
[bench-suite] 2026-08-14T06:49:44+00:00 prepare pid=212281 START selective_state_update_mtp_horizontal/b2048_h64_d64_s128_t6_r8_statebf16_official (attempt 1)
[bench-suite] 2026-08-14T06:49:44+00:00 gpus=6 GPU_START tinygemm2_sm100/b1_o128_k720 (attempt 1)
[bench-suite] 2026-08-14T06:49:45+00:00 gpus=5 ok   nvfp4_gemm/1024x1024x1024 tir=5.226µs, flashinfer=4.459µs, cublaslt_nvfp4=4.527µs
[bench-suite] 2026-08-14T06:49:46+00:00 READY selective_state_update_mtp_horizontal/b512_h64_d64_s128_t6_r8_statebf16_official prepare=4.142s
[bench-suite] 2026-08-14T06:49:46+00:00 gpus=3 ok   nvfp4_gemm/4096x4096x4096 tir=29.645µs, flashinfer=31.043µs, cublaslt_nvfp4=28.870µs
[bench-suite] 2026-08-14T06:49:46+00:00 prepare pid=212423 START selective_state_update_mtp_simple/b1_h64_d64_s128_t6_r8_statebf16_official (attempt 1)
[bench-suite] 2026-08-14T06:49:46+00:00 gpus=1 ok   gdn_decode_bf16_wide_vec_t1/b512_h4_hv8_tv128 tirx=46.365µs, flashinfer_cutedsl=47.166µs
[bench-suite] 2026-08-14T06:49:46+00:00 gpus=5 GPU_START tinygemm2_sm100/b16_o2880_k2880 (attempt 1)
[bench-suite] 2026-08-14T06:49:46+00:00 gpus=0 ok   nvfp4_gemm/16384x16384x16384 tir=1516.870µs, flashinfer=1441.618µs, cublaslt_nvfp4=1433.946µs
[bench-suite] 2026-08-14T06:49:46+00:00 prepare pid=212496 START selective_state_update_mtp_simple/b512_h64_d64_s128_t6_r8_statebf16_official (attempt 1)
[bench-suite] 2026-08-14T06:49:48+00:00 prepare pid=212584 START selective_state_update_mtp_simple/b2048_h64_d64_s128_t6_r8_statebf16_official (attempt 1)
[bench-suite] 2026-08-14T06:49:48+00:00 prepare pid=212588 START selective_state_update_mtp_vertical/b1_h64_d64_s128_t6_r8_statebf16_official (attempt 1)
[bench-suite] 2026-08-14T06:49:48+00:00 READY selective_state_update_mtp_horizontal/b2048_h64_d64_s128_t6_r8_statebf16_official prepare=4.700s
[bench-suite] 2026-08-14T06:49:49+00:00 gpus=1 GPU_START flashkda_bf16_fused_m128/h96_fixed8192 (attempt 1)
[bench-suite] 2026-08-14T06:49:49+00:00 gpus=3 GPU_START tinygemm2_sm100/b64_o4096_k3072 (attempt 1)
[bench-suite] 2026-08-14T06:49:49+00:00 gpus=0 GPU_START flashkda_bf16_fused_m128/h96_uniform (attempt 1)
[bench-suite] 2026-08-14T06:49:50+00:00 gpus=4 ok   gdn_prefill_sm100/hq8_hv32_s1024x8 tirx=92.237µs, flashinfer_cutedsl=95.630µs
[bench-suite] 2026-08-14T06:49:50+00:00 READY selective_state_update_mtp_simple/b1_h64_d64_s128_t6_r8_statebf16_official prepare=4.115s
[bench-suite] 2026-08-14T06:49:50+00:00 READY selective_state_update_mtp_simple/b512_h64_d64_s128_t6_r8_statebf16_official prepare=3.759s
[bench-suite] 2026-08-14T06:49:51+00:00 prepare pid=212837 START selective_state_update_mtp_vertical/b512_h64_d64_s128_t6_r8_statebf16_official (attempt 1)
[bench-suite] 2026-08-14T06:49:51+00:00 gpus=4 GPU_START flashkda_bf16_fused_m128/h64_mixed (attempt 1)
[bench-suite] 2026-08-14T06:49:52+00:00 READY selective_state_update_mtp_simple/b2048_h64_d64_s128_t6_r8_statebf16_official prepare=4.229s
[bench-suite] 2026-08-14T06:49:52+00:00 READY selective_state_update_mtp_vertical/b1_h64_d64_s128_t6_r8_statebf16_official prepare=4.511s
[bench-suite] 2026-08-14T06:49:54+00:00 gpus=2 ok   gdn_prefill_sm100/hq16_hv64_s1x8192 tirx=240.395µs, flashinfer_cutedsl=250.074µs
[bench-suite] 2026-08-14T06:49:54+00:00 prepare pid=213028 START selective_state_update_mtp_vertical/b2048_h64_d64_s128_t6_r8_statebf16_official (attempt 1)
[bench-suite] 2026-08-14T06:49:54+00:00 gpus=2 GPU_START recurrent_kda_decode_grouped/dec_hv16_b1 (attempt 1)
[bench-suite] 2026-08-14T06:49:55+00:00 READY selective_state_update_mtp_vertical/b512_h64_d64_s128_t6_r8_statebf16_official prepare=4.463s
[bench-suite] 2026-08-14T06:49:58+00:00 READY selective_state_update_mtp_vertical/b2048_h64_d64_s128_t6_r8_statebf16_official prepare=4.023s
[bench-suite] 2026-08-14T06:50:00+00:00 gpus=7 ok   gdn_prefill_sm100/hq32_hv32_s8192x16 tirx=1078.554µs, flashinfer_cutedsl=1118.187µs
[bench-suite] 2026-08-14T06:50:00+00:00 gpus=7 GPU_START flash_attention_backward_sm100/b4_s8192_h16_noncausal (attempt 2)
[bench-suite] 2026-08-14T06:50:00+00:00 prepare pid=213246 START selective_state_update_stp_horizontal/b64_h64_d64_s128_r8_base (attempt 1)
[bench-suite] 2026-08-14T06:50:03+00:00 gpus=6 ok   tinygemm2_sm100/b1_o128_k720 tirx=2.958µs, flashinfer_sm100=2.953µs
[bench-suite] 2026-08-14T06:50:03+00:00 gpus=5 ok   tinygemm2_sm100/b16_o2880_k2880 tirx=8.047µs, flashinfer_sm100=8.145µs
[bench-suite] 2026-08-14T06:50:03+00:00 gpus=3 ok   tinygemm2_sm100/b64_o4096_k3072 tirx=21.986µs, flashinfer_sm100=22.147µs
[bench-suite] 2026-08-14T06:50:05+00:00 prepare pid=213383 START selective_state_update_stp_horizontal/b64_h64_d128_s128_r8 (attempt 1)
[bench-suite] 2026-08-14T06:50:05+00:00 prepare pid=213384 START selective_state_update_stp_horizontal/b64_h64_d64_s256_r8 (attempt 1)
[bench-suite] 2026-08-14T06:50:05+00:00 READY selective_state_update_stp_horizontal/b64_h64_d64_s128_r8_base prepare=4.388s
[bench-suite] 2026-08-14T06:50:05+00:00 prepare pid=213387 START selective_state_update_stp_simple/b64_h64_d64_s128_r8_base (attempt 1)
[bench-suite] 2026-08-14T06:50:06+00:00 gpus=6 GPU_START recurrent_kda_decode_grouped/ver_t8_hv16_b128 (attempt 1)
[bench-suite] 2026-08-14T06:50:06+00:00 gpus=3 GPU_START recurrent_kda_decode_one_warp/hv16_b8_tr8_lb (attempt 1)
[bench-suite] 2026-08-14T06:50:06+00:00 gpus=5 GPU_START recurrent_kda_decode_grouped/ver_t8_hv12_b16 (attempt 1)
[bench-suite] 2026-08-14T06:50:09+00:00 READY selective_state_update_stp_simple/b64_h64_d64_s128_r8_base prepare=3.473s
[bench-suite] 2026-08-14T06:50:09+00:00 READY selective_state_update_stp_horizontal/b64_h64_d128_s128_r8 prepare=4.110s
[bench-suite] 2026-08-14T06:50:09+00:00 READY selective_state_update_stp_horizontal/b64_h64_d64_s256_r8 prepare=4.173s
[bench-suite] 2026-08-14T06:50:09+00:00 gpus=2 ok   recurrent_kda_decode_grouped/dec_hv16_b1 tirx=3.363µs, flashinfer_cutedsl=3.544µs
[bench-suite] 2026-08-14T06:50:10+00:00 prepare pid=213738 START selective_state_update_stp_simple/b64_h64_d128_s128_r8 (attempt 1)
[bench-suite] 2026-08-14T06:50:10+00:00 gpus=2 GPU_START recurrent_kda_decode_one_warp/hv16_b128_tr16_lb (attempt 1)
[bench-suite] 2026-08-14T06:50:13+00:00 READY selective_state_update_stp_simple/b64_h64_d128_s128_r8 prepare=3.455s
[bench-suite] 2026-08-14T06:50:15+00:00 gpus=4 ok   flashkda_bf16_fused_m128/h64_mixed tirx=268.313µs, flashinfer_m128=272.570µs, flashkda_raw=688.709µs
[bench-suite] 2026-08-14T06:50:16+00:00 gpus=0 ok   flashkda_bf16_fused_m128/h96_uniform tirx=433.995µs, flashinfer_m128=436.566µs, flashkda_raw=723.954µs
[bench-suite] 2026-08-14T06:50:16+00:00 prepare pid=213942 START selective_state_update_stp_simple/b64_h64_d64_s256_r8 (attempt 1)
[bench-suite] 2026-08-14T06:50:16+00:00 gpus=1 ok   flashkda_bf16_fused_m128/h96_fixed8192 tirx=498.945µs, flashinfer_m128=506.004µs, flashkda_raw=1101.771µs
[bench-suite] 2026-08-14T06:50:16+00:00 gpus=7 ok   flash_attention_backward_sm100/b4_s8192_h16_noncausal tir=4353.468µs, flashattn_sm100=4392.821µs
[bench-suite] 2026-08-14T06:50:17+00:00 gpus=7 GPU_START gdn_decode_bf16_wide_vec_t1/b128_h8_hv16_tv128 (attempt 2)
[bench-suite] 2026-08-14T06:50:17+00:00 prepare pid=214014 START selective_state_update_stp_vertical/b64_h64_d64_s128_r8_base (attempt 1)
[bench-suite] 2026-08-14T06:50:18+00:00 gpus=4 GPU_START recurrent_kda_decode_one_warp/hv12_b64_tr16_lb (attempt 1)
[bench-suite] 2026-08-14T06:50:18+00:00 prepare pid=214092 START selective_state_update_stp_vertical/b64_h64_d128_s128_r8 (attempt 1)
[bench-suite] 2026-08-14T06:50:18+00:00 prepare pid=214110 START selective_state_update_stp_vertical/b64_h64_d64_s256_r8 (attempt 1)
[bench-suite] 2026-08-14T06:50:19+00:00 gpus=0 GPU_START selective_state_update_mtp_horizontal/b1_h64_d64_s128_t6_r8_statebf16_official (attempt 1)
[bench-suite] 2026-08-14T06:50:19+00:00 gpus=1 GPU_START selective_state_update_mtp_horizontal/b512_h64_d64_s128_t6_r8_statebf16_official (attempt 1)
[bench-suite] 2026-08-14T06:50:20+00:00 READY selective_state_update_stp_simple/b64_h64_d64_s256_r8 prepare=3.992s
[bench-suite] 2026-08-14T06:50:21+00:00 gpus=3 ok   recurrent_kda_decode_one_warp/hv16_b8_tr8_lb tirx=5.189µs, flashinfer_cutedsl=5.424µs
[bench-suite] 2026-08-14T06:50:21+00:00 READY selective_state_update_stp_vertical/b64_h64_d64_s128_r8_base prepare=3.977s
[bench-suite] 2026-08-14T06:50:22+00:00 prepare pid=214385 START mxfp4_quantize/fp16_linear_m4096_k4096 (attempt 1)
[bench-suite] 2026-08-14T06:50:22+00:00 gpus=3 GPU_START selective_state_update_mtp_horizontal/b2048_h64_d64_s128_t6_r8_statebf16_official (attempt 1)
[bench-suite] 2026-08-14T06:50:22+00:00 READY selective_state_update_stp_vertical/b64_h64_d128_s128_r8 prepare=4.004s
[bench-suite] 2026-08-14T06:50:23+00:00 READY selective_state_update_stp_vertical/b64_h64_d64_s256_r8 prepare=4.259s
[bench-suite] 2026-08-14T06:50:23+00:00 gpus=5 ok   recurrent_kda_decode_grouped/ver_t8_hv12_b16 tirx=22.294µs, flashinfer_cutedsl=32.641µs
[bench-suite] 2026-08-14T06:50:23+00:00 gpus=6 ok   recurrent_kda_decode_grouped/ver_t8_hv16_b128 tirx=161.990µs, flashinfer_cutedsl=217.457µs
[bench-suite] 2026-08-14T06:50:24+00:00 prepare pid=214500 START mxfp4_quantize/fp16_128x4_m16384_k7168 (attempt 1)
[bench-suite] 2026-08-14T06:50:24+00:00 prepare pid=214505 START mxfp4_quantize/fp16_128x4_m128_k1024 (attempt 1)
[bench-suite] 2026-08-14T06:50:25+00:00 gpus=5 GPU_START selective_state_update_mtp_simple/b1_h64_d64_s128_t6_r8_statebf16_official (attempt 1)
[bench-suite] 2026-08-14T06:50:25+00:00 gpus=6 GPU_START selective_state_update_mtp_simple/b512_h64_d64_s128_t6_r8_statebf16_official (attempt 1)
[bench-suite] 2026-08-14T06:50:26+00:00 READY mxfp4_quantize/fp16_linear_m4096_k4096 prepare=3.946s
[bench-suite] 2026-08-14T06:50:26+00:00 gpus=2 ok   recurrent_kda_decode_one_warp/hv16_b128_tr16_lb tirx=26.560µs, flashinfer_cutedsl=29.427µs
[bench-suite] 2026-08-14T06:50:27+00:00 prepare pid=214675 START mxfp8_quantize/fp16_linear_m4096_k4096 (attempt 1)
[bench-suite] 2026-08-14T06:50:27+00:00 gpus=2 GPU_START selective_state_update_mtp_simple/b2048_h64_d64_s128_t6_r8_statebf16_official (attempt 1)
[bench-suite] 2026-08-14T06:50:28+00:00 READY mxfp4_quantize/fp16_128x4_m128_k1024 prepare=3.563s
[bench-suite] 2026-08-14T06:50:28+00:00 READY mxfp4_quantize/fp16_128x4_m16384_k7168 prepare=3.692s
[bench-suite] 2026-08-14T06:50:30+00:00 READY mxfp8_quantize/fp16_linear_m4096_k4096 prepare=3.287s
[bench-suite] 2026-08-14T06:50:32+00:00 gpus=7 ok   gdn_decode_bf16_wide_vec_t1/b128_h8_hv16_tv128 tirx=24.936µs, flashinfer_cutedsl=25.482µs
[bench-suite] 2026-08-14T06:50:33+00:00 prepare pid=214846 START mxfp8_quantize/fp16_128x4_m16384_k7168 (attempt 1)
[bench-suite] 2026-08-14T06:50:33+00:00 gpus=7 GPU_START selective_state_update_mtp_vertical/b1_h64_d64_s128_t6_r8_statebf16_official (attempt 1)
[bench-suite] 2026-08-14T06:50:33+00:00 gpus=4 ok   recurrent_kda_decode_one_warp/hv12_b64_tr16_lb tirx=12.842µs, flashinfer_cutedsl=13.869µs
[bench-suite] 2026-08-14T06:50:34+00:00 prepare pid=214918 START mxfp8_quantize/fp16_128x4_m128_k1024 (attempt 1)
[bench-suite] 2026-08-14T06:50:35+00:00 gpus=4 GPU_START selective_state_update_mtp_vertical/b512_h64_d64_s128_t6_r8_statebf16_official (attempt 1)
[bench-suite] 2026-08-14T06:50:36+00:00 READY mxfp8_quantize/fp16_128x4_m16384_k7168 prepare=3.182s
[bench-suite] 2026-08-14T06:50:37+00:00 READY mxfp8_quantize/fp16_128x4_m128_k1024 prepare=3.219s
[bench-suite] **********************************************************************
[bench-suite] *** INTERFERED *** selective_state_update_mtp_vertical/b1_h64_d64_s128_t6_r8_statebf16_official attempt 1
[bench-suite] ***   intruder PIDs: [2633006]
[bench-suite] ***   stopping GPU attempt; CPU prepare remains in child
[bench-suite] **********************************************************************
[bench-suite] 2026-08-14T06:50:40+00:00 gpus=7 GPU_START selective_state_update_stp_vertical/b64_h64_d128_s128_r8 (attempt 1)
[bench-suite] **********************************************************************
[bench-suite] *** INTERFERED *** selective_state_update_stp_vertical/b64_h64_d128_s128_r8 attempt 1
[bench-suite] ***   intruder PIDs: [2633006]
[bench-suite] ***   stopping GPU attempt; CPU prepare remains in child
[bench-suite] **********************************************************************
[bench-suite] 2026-08-14T06:50:44+00:00 gpus=7 GPU_START selective_state_update_stp_simple/b64_h64_d128_s128_r8 (attempt 1)
[bench-suite] 2026-08-14T06:50:49+00:00 gpus=0 ok   selective_state_update_mtp_horizontal/b1_h64_d64_s128_t6_r8_statebf16_official tirx=7.071µs, flashinfer_cuda=7.533µs
[bench-suite] 2026-08-14T06:50:49+00:00 prepare pid=215366 START nvfp4_quantize/fp16_linear_m4096_k4096 (attempt 1)
[bench-suite] 2026-08-14T06:50:49+00:00 gpus=6 ok   selective_state_update_mtp_simple/b512_h64_d64_s128_t6_r8_statebf16_official tirx=384.443µs, flashinfer_cuda=400.494µs
[bench-suite] 2026-08-14T06:50:50+00:00 gpus=2 ok   selective_state_update_mtp_simple/b2048_h64_d64_s128_t6_r8_statebf16_official tirx=1519.496µs, flashinfer_cuda=1583.294µs
[bench-suite] 2026-08-14T06:50:50+00:00 gpus=0 GPU_START selective_state_update_mtp_vertical/b2048_h64_d64_s128_t6_r8_statebf16_official (attempt 1)
[bench-suite] 2026-08-14T06:50:50+00:00 gpus=5 ok   selective_state_update_mtp_simple/b1_h64_d64_s128_t6_r8_statebf16_official tirx=4.430µs, flashinfer_cuda=5.229µs
[bench-suite] 2026-08-14T06:50:51+00:00 gpus=1 ok   selective_state_update_mtp_horizontal/b512_h64_d64_s128_t6_r8_statebf16_official tirx=351.708µs, flashinfer_cuda=381.950µs
[bench-suite] 2026-08-14T06:50:51+00:00 prepare pid=215448 START nvfp4_quantize/fp16_128x4_m16384_k7168 (attempt 1)
[bench-suite] 2026-08-14T06:50:51+00:00 prepare pid=215451 START nvfp4_quantize/fp16_128x4_m128_k1024 (attempt 1)
[bench-suite] 2026-08-14T06:50:51+00:00 prepare pid=215453 START nvfp4_quantize_per_token/fp16_linear_m4096_k4096 (attempt 1)
[bench-suite] 2026-08-14T06:50:52+00:00 gpus=4 ok   selective_state_update_mtp_vertical/b512_h64_d64_s128_t6_r8_statebf16_official tirx=713.749µs, flashinfer_cuda=733.829µs
[bench-suite] 2026-08-14T06:50:52+00:00 prepare pid=215647 START nvfp4_quantize_per_token/fp16_128x4_m16384_k7168 (attempt 1)
[bench-suite] 2026-08-14T06:50:52+00:00 gpus=3 ok   selective_state_update_mtp_horizontal/b2048_h64_d64_s128_t6_r8_statebf16_official tirx=1389.486µs, flashinfer_cuda=1510.500µs
[bench-suite] 2026-08-14T06:50:53+00:00 prepare pid=215725 START nvfp4_quantize_per_token/fp16_128x4_m128_k1024 (attempt 1)
[bench-suite] 2026-08-14T06:50:53+00:00 prepare pid=215797 START sparse_flashmla_decode_head64/deepseek_v4_v32_b128_sq2_sk32768_topk2048_p64 (attempt 1)
[bench-suite] 2026-08-14T06:50:54+00:00 gpus=5 GPU_START selective_state_update_stp_horizontal/b64_h64_d128_s128_r8 (attempt 1)
[bench-suite] 2026-08-14T06:50:54+00:00 gpus=6 GPU_START selective_state_update_stp_horizontal/b64_h64_d64_s128_r8_base (attempt 1)
[bench-suite] 2026-08-14T06:50:54+00:00 gpus=2 GPU_START selective_state_update_stp_simple/b64_h64_d64_s128_r8_base (attempt 1)
[bench-suite] 2026-08-14T06:50:54+00:00 READY nvfp4_quantize/fp16_linear_m4096_k4096 prepare=4.974s
[bench-suite] 2026-08-14T06:50:54+00:00 gpus=1 GPU_START selective_state_update_stp_horizontal/b64_h64_d64_s256_r8 (attempt 1)
[bench-suite] 2026-08-14T06:50:55+00:00 READY nvfp4_quantize/fp16_128x4_m16384_k7168 prepare=3.924s
[bench-suite] 2026-08-14T06:50:55+00:00 gpus=3 GPU_START selective_state_update_stp_vertical/b64_h64_d64_s128_r8_base (attempt 1)
[bench-suite] 2026-08-14T06:50:55+00:00 gpus=4 GPU_START selective_state_update_stp_simple/b64_h64_d64_s256_r8 (attempt 1)
[bench-suite] 2026-08-14T06:50:55+00:00 READY nvfp4_quantize/fp16_128x4_m128_k1024 prepare=3.845s
[bench-suite] 2026-08-14T06:50:55+00:00 READY nvfp4_quantize_per_token/fp16_linear_m4096_k4096 prepare=3.906s
[bench-suite] 2026-08-14T06:50:56+00:00 READY nvfp4_quantize_per_token/fp16_128x4_m16384_k7168 prepare=3.760s
[bench-suite] 2026-08-14T06:50:56+00:00 READY nvfp4_quantize_per_token/fp16_128x4_m128_k1024 prepare=3.303s
[bench-suite] 2026-08-14T06:51:01+00:00 READY sparse_flashmla_decode_head64/deepseek_v4_v32_b128_sq2_sk32768_topk2048_p64 prepare=8.264s
[bench-suite] 2026-08-14T06:51:04+00:00 gpus=0 ok   selective_state_update_mtp_vertical/b2048_h64_d64_s128_t6_r8_statebf16_official tirx=2825.756µs, flashinfer_cuda=2904.521µs
[bench-suite] 2026-08-14T06:51:05+00:00 prepare pid=216202 START sparse_flashmla_decode_head64/model1_b2_sq2_sk16384_topk128_p256_xsk16384_xtopk512_xp64 (attempt 1)
[bench-suite] 2026-08-14T06:51:05+00:00 gpus=0 GPU_START selective_state_update_stp_vertical/b64_h64_d64_s256_r8 (attempt 1)
[bench-suite] 2026-08-14T06:51:13+00:00 READY sparse_flashmla_decode_head64/model1_b2_sq2_sk16384_topk128_p256_xsk16384_xtopk512_xp64 prepare=8.306s
[bench-suite] 2026-08-14T06:51:14+00:00 gpus=5 ok   selective_state_update_stp_horizontal/b64_h64_d128_s128_r8 tirx=48.705µs, flashinfer_cuda=50.138µs
[bench-suite] 2026-08-14T06:51:14+00:00 gpus=7 ok   selective_state_update_stp_simple/b64_h64_d128_s128_r8 tirx=65.237µs, flashinfer_cuda=67.751µs
[bench-suite] 2026-08-14T06:51:15+00:00 prepare pid=216455 START sparse_flashmla_decode_head64/v32_b148_sq2_sk32768_topk16384_p64 (attempt 1)
[bench-suite] 2026-08-14T06:51:15+00:00 prepare pid=216458 START sparse_flashmla_prefill_head128_phase1/bench_regular_dqk512_hq128_s4096_kv8192_topk2048 (attempt 1)
[bench-suite] 2026-08-14T06:51:16+00:00 gpus=5 GPU_START mxfp4_quantize/fp16_linear_m4096_k4096 (attempt 1)
[bench-suite] 2026-08-14T06:51:16+00:00 gpus=7 GPU_START mxfp4_quantize/fp16_128x4_m128_k1024 (attempt 1)
[bench-suite] 2026-08-14T06:51:21+00:00 READY sparse_flashmla_prefill_head128_phase1/bench_regular_dqk512_hq128_s4096_kv8192_topk2048 prepare=5.966s
[bench-suite] 2026-08-14T06:51:24+00:00 READY sparse_flashmla_decode_head64/v32_b148_sq2_sk32768_topk16384_p64 prepare=8.506s
[bench-suite] 2026-08-14T06:51:24+00:00 gpus=2 ok   selective_state_update_stp_simple/b64_h64_d64_s128_r8_base tirx=37.333µs, flashinfer_cuda=38.105µs
[bench-suite] 2026-08-14T06:51:25+00:00 gpus=3 ok   selective_state_update_stp_vertical/b64_h64_d64_s128_r8_base tirx=27.623µs, flashinfer_cuda=31.458µs
[bench-suite] 2026-08-14T06:51:25+00:00 prepare pid=216815 START sparse_flashmla_prefill_head128_phase1/bench_regular_dqk512_hq128_s4096_kv65536_topk2048 (attempt 1)
[bench-suite] 2026-08-14T06:51:25+00:00 gpus=6 ok   selective_state_update_stp_horizontal/b64_h64_d64_s128_r8_base tirx=27.962µs, flashinfer_cuda=28.877µs
[bench-suite] 2026-08-14T06:51:25+00:00 gpus=2 GPU_START mxfp4_quantize/fp16_128x4_m16384_k7168 (attempt 1)
[bench-suite] 2026-08-14T06:51:25+00:00 prepare pid=216887 START sparse_flashmla_prefill_head128_phase1/bench_regular_dqk576_hq128_s4096_kv32768_topk2048 (attempt 1)
[bench-suite] 2026-08-14T06:51:26+00:00 prepare pid=216974 START sparse_flashmla_prefill_head128_small_topk_phase1/bench_smalltopk_dqk512_hq128_s4096_kv8192_topk1280 (attempt 1)
[bench-suite] 2026-08-14T06:51:27+00:00 gpus=4 ok   selective_state_update_stp_simple/b64_h64_d64_s256_r8 tirx=54.196µs, flashinfer_cuda=61.135µs
[bench-suite] 2026-08-14T06:51:27+00:00 gpus=3 GPU_START mxfp8_quantize/fp16_linear_m4096_k4096 (attempt 1)
[bench-suite] 2026-08-14T06:51:27+00:00 gpus=6 GPU_START mxfp8_quantize/fp16_128x4_m16384_k7168 (attempt 1)
[bench-suite] 2026-08-14T06:51:28+00:00 prepare pid=217104 START sparse_flashmla_prefill_head128_small_topk_phase1/bench_smalltopk_dqk512_hq128_s4096_kv32768_topk1280 (attempt 1)
[bench-suite] 2026-08-14T06:51:28+00:00 gpus=0 ok   selective_state_update_stp_vertical/b64_h64_d64_s256_r8 tirx=46.183µs, flashinfer_cuda=48.991µs
[bench-suite] 2026-08-14T06:51:29+00:00 gpus=1 ok   selective_state_update_stp_horizontal/b64_h64_d64_s256_r8 tirx=46.905µs, flashinfer_cuda=47.096µs
[bench-suite] 2026-08-14T06:51:29+00:00 prepare pid=217175 START sparse_flashmla_prefill_head128_small_topk_phase1/bench_smalltopk_dqk512_hq128_s4096_kv65536_topk1280 (attempt 1)
[bench-suite] 2026-08-14T06:51:29+00:00 gpus=4 GPU_START mxfp8_quantize/fp16_128x4_m128_k1024 (attempt 1)
[bench-suite] 2026-08-14T06:51:29+00:00 prepare pid=217251 START sparse_flashmla_prefill_head64_phase1/bench_dqk512_hq64_s4096_kv8192_topk512 (attempt 1)
[bench-suite] 2026-08-14T06:51:30+00:00 gpus=0 GPU_START nvfp4_quantize/fp16_linear_m4096_k4096 (attempt 1)
[bench-suite] 2026-08-14T06:51:30+00:00 gpus=1 GPU_START nvfp4_quantize/fp16_128x4_m16384_k7168 (attempt 1)
[bench-suite] 2026-08-14T06:51:32+00:00 READY sparse_flashmla_prefill_head128_phase1/bench_regular_dqk512_hq128_s4096_kv65536_topk2048 prepare=6.767s
[bench-suite] 2026-08-14T06:51:32+00:00 READY sparse_flashmla_prefill_head128_small_topk_phase1/bench_smalltopk_dqk512_hq128_s4096_kv8192_topk1280 prepare=5.381s
[bench-suite] 2026-08-14T06:51:32+00:00 READY sparse_flashmla_prefill_head128_phase1/bench_regular_dqk576_hq128_s4096_kv32768_topk2048 prepare=6.452s
[bench-suite] 2026-08-14T06:51:32+00:00 gpus=5 ok   mxfp4_quantize/fp16_linear_m4096_k4096 tirx=10.270µs, flashinfer=10.444µs
[bench-suite] 2026-08-14T06:51:33+00:00 READY sparse_flashmla_prefill_head128_small_topk_phase1/bench_smalltopk_dqk512_hq128_s4096_kv32768_topk1280 prepare=4.712s
[bench-suite] 2026-08-14T06:51:33+00:00 prepare pid=217528 START sparse_flashmla_prefill_head64_phase1/bench_dqk512_hq64_s4096_kv65536_topk512 (attempt 1)
[bench-suite] 2026-08-14T06:51:33+00:00 gpus=7 ok   mxfp4_quantize/fp16_128x4_m128_k1024 tirx=2.500µs, flashinfer=2.531µs
[bench-suite] 2026-08-14T06:51:33+00:00 gpus=7 GPU_START selective_state_update_mtp_vertical/b1_h64_d64_s128_t6_r8_statebf16_official (attempt 2)
[bench-suite] 2026-08-14T06:51:34+00:00 READY sparse_flashmla_prefill_head128_small_topk_phase1/bench_smalltopk_dqk512_hq128_s4096_kv65536_topk1280 prepare=4.688s
[bench-suite] 2026-08-14T06:51:34+00:00 gpus=5 GPU_START nvfp4_quantize/fp16_128x4_m128_k1024 (attempt 1)
[bench-suite] 2026-08-14T06:51:34+00:00 prepare pid=217613 START sparse_flashmla_prefill_head64_phase1/bench_dqk576_hq64_s4096_kv32768_topk512 (attempt 1)
[bench-suite] 2026-08-14T06:51:35+00:00 READY sparse_flashmla_prefill_head64_phase1/bench_dqk512_hq64_s4096_kv8192_topk512 prepare=5.412s
[bench-suite] 2026-08-14T06:51:39+00:00 READY sparse_flashmla_prefill_head64_phase1/bench_dqk512_hq64_s4096_kv65536_topk512 prepare=5.461s
[bench-suite] 2026-08-14T06:51:40+00:00 READY sparse_flashmla_prefill_head64_phase1/bench_dqk576_hq64_s4096_kv32768_topk512 prepare=5.464s
[bench-suite] 2026-08-14T06:51:42+00:00 gpus=2 ok   mxfp4_quantize/fp16_128x4_m16384_k7168 tirx=52.500µs, flashinfer=53.122µs
[bench-suite] 2026-08-14T06:51:43+00:00 gpus=2 GPU_START nvfp4_quantize_per_token/fp16_linear_m4096_k4096 (attempt 1)
[bench-suite] 2026-08-14T06:51:44+00:00 gpus=3 ok   mxfp8_quantize/fp16_linear_m4096_k4096 tirx=11.312µs, flashinfer=11.233µs
[bench-suite] 2026-08-14T06:51:44+00:00 gpus=6 ok   mxfp8_quantize/fp16_128x4_m16384_k7168 tirx=60.954µs, flashinfer=60.407µs
[bench-suite] 2026-08-14T06:51:46+00:00 gpus=4 ok   mxfp8_quantize/fp16_128x4_m128_k1024 tirx=2.609µs, flashinfer=2.674µs
[bench-suite] 2026-08-14T06:51:46+00:00 gpus=6 GPU_START nvfp4_quantize_per_token/fp16_128x4_m128_k1024 (attempt 1)
[bench-suite] 2026-08-14T06:51:46+00:00 gpus=3 GPU_START nvfp4_quantize_per_token/fp16_128x4_m16384_k7168 (attempt 1)
[bench-suite] 2026-08-14T06:51:47+00:00 gpus=0 ok   nvfp4_quantize/fp16_linear_m4096_k4096 tirx=10.504µs, flashinfer=10.444µs
[bench-suite] 2026-08-14T06:51:47+00:00 gpus=4 GPU_START sparse_flashmla_decode_head64/deepseek_v4_v32_b128_sq2_sk32768_topk2048_p64 (attempt 1)
[bench-suite] 2026-08-14T06:51:47+00:00 gpus=7 ok   selective_state_update_mtp_vertical/b1_h64_d64_s128_t6_r8_statebf16_official tirx=17.414µs, flashinfer_cuda=18.226µs
[bench-suite] 2026-08-14T06:51:47+00:00 gpus=7 GPU_START selective_state_update_stp_vertical/b64_h64_d128_s128_r8 (attempt 2)
[bench-suite] 2026-08-14T06:51:48+00:00 gpus=1 ok   nvfp4_quantize/fp16_128x4_m16384_k7168 tirx=54.997µs, flashinfer=55.364µs
[bench-suite] 2026-08-14T06:51:49+00:00 gpus=0 GPU_START sparse_flashmla_decode_head64/model1_b2_sq2_sk16384_topk128_p256_xsk16384_xtopk512_xp64 (attempt 1)
[bench-suite] 2026-08-14T06:51:50+00:00 gpus=1 GPU_START sparse_flashmla_prefill_head128_phase1/bench_regular_dqk512_hq128_s4096_kv8192_topk2048 (attempt 1)
[bench-suite] 2026-08-14T06:51:51+00:00 gpus=5 ok   nvfp4_quantize/fp16_128x4_m128_k1024 tirx=2.447µs, flashinfer=2.479µs
[bench-suite] 2026-08-14T06:51:53+00:00 gpus=5 GPU_START sparse_flashmla_decode_head64/v32_b148_sq2_sk32768_topk16384_p64 (attempt 1)
[bench-suite] 2026-08-14T06:52:01+00:00 gpus=2 ok   nvfp4_quantize_per_token/fp16_linear_m4096_k4096 tirx=12.007µs, flashinfer=13.190µs
[bench-suite] 2026-08-14T06:52:02+00:00 gpus=7 ok   selective_state_update_stp_vertical/b64_h64_d128_s128_r8 tirx=47.115µs, flashinfer_cuda=54.241µs
[bench-suite] 2026-08-14T06:52:02+00:00 gpus=4 ok   sparse_flashmla_decode_head64/deepseek_v4_v32_b128_sq2_sk32768_topk2048_p64 tirx=137.648µs, flashmla=145.409µs
[bench-suite] 2026-08-14T06:52:02+00:00 gpus=2 GPU_START sparse_flashmla_prefill_head128_phase1/bench_regular_dqk512_hq128_s4096_kv65536_topk2048 (attempt 1)
[bench-suite] 2026-08-14T06:52:03+00:00 gpus=6 ok   nvfp4_quantize_per_token/fp16_128x4_m128_k1024 tirx=2.696µs, flashinfer=2.871µs
[bench-suite] 2026-08-14T06:52:04+00:00 gpus=4 GPU_START sparse_flashmla_prefill_head128_phase1/bench_regular_dqk576_hq128_s4096_kv32768_topk2048 (attempt 1)
[bench-suite] 2026-08-14T06:52:04+00:00 gpus=7 GPU_START sparse_flashmla_prefill_head128_small_topk_phase1/bench_smalltopk_dqk512_hq128_s4096_kv8192_topk1280 (attempt 1)
[bench-suite] 2026-08-14T06:52:04+00:00 gpus=0 ok   sparse_flashmla_decode_head64/model1_b2_sq2_sk16384_topk128_p256_xsk16384_xtopk512_xp64 tirx=16.836µs, flashmla=21.379µs
[bench-suite] 2026-08-14T06:52:04+00:00 gpus=1 ok   sparse_flashmla_prefill_head128_phase1/bench_regular_dqk512_hq128_s4096_kv8192_topk2048 tirx=1705.811µs, flashmla=1742.349µs
[bench-suite] 2026-08-14T06:52:04+00:00 gpus=3 ok   nvfp4_quantize_per_token/fp16_128x4_m16384_k7168 tirx=57.624µs, flashinfer=59.193µs
[bench-suite] 2026-08-14T06:52:07+00:00 gpus=6 GPU_START sparse_flashmla_prefill_head128_small_topk_phase1/bench_smalltopk_dqk512_hq128_s4096_kv32768_topk1280 (attempt 1)
[bench-suite] 2026-08-14T06:52:07+00:00 gpus=0 GPU_START sparse_flashmla_prefill_head128_small_topk_phase1/bench_smalltopk_dqk512_hq128_s4096_kv65536_topk1280 (attempt 1)
[bench-suite] 2026-08-14T06:52:07+00:00 gpus=1 GPU_START sparse_flashmla_prefill_head64_phase1/bench_dqk512_hq64_s4096_kv8192_topk512 (attempt 1)
[bench-suite] 2026-08-14T06:52:07+00:00 gpus=3 GPU_START sparse_flashmla_prefill_head64_phase1/bench_dqk512_hq64_s4096_kv65536_topk512 (attempt 1)
[bench-suite] 2026-08-14T06:52:09+00:00 gpus=5 ok   sparse_flashmla_decode_head64/v32_b148_sq2_sk32768_topk16384_p64 tirx=911.876µs, flashmla=975.046µs
[bench-suite] 2026-08-14T06:52:10+00:00 gpus=5 GPU_START sparse_flashmla_prefill_head64_phase1/bench_dqk576_hq64_s4096_kv32768_topk512 (attempt 1)
[bench-suite] **********************************************************************
[bench-suite] *** INTERFERED *** sparse_flashmla_prefill_head128_small_topk_phase1/bench_smalltopk_dqk512_hq128_s4096_kv8192_topk1280 attempt 1
[bench-suite] ***   intruder PIDs: [2645480]
[bench-suite] ***   stopping GPU attempt; CPU prepare remains in child
[bench-suite] **********************************************************************
[bench-suite] 2026-08-14T06:52:12+00:00 gpus=7 GPU_START sparse_flashmla_prefill_head128_small_topk_phase1/bench_smalltopk_dqk512_hq128_s4096_kv8192_topk1280 (attempt 2)
[bench-suite] **********************************************************************
[bench-suite] *** INTERFERED *** sparse_flashmla_prefill_head128_small_topk_phase1/bench_smalltopk_dqk512_hq128_s4096_kv8192_topk1280 attempt 2
[bench-suite] ***   intruder PIDs: [2645480]
[bench-suite] ***   stopping GPU attempt; CPU prepare remains in child
[bench-suite] **********************************************************************
[bench-suite] 2026-08-14T06:52:16+00:00 gpus=7 GPU_START sparse_flashmla_prefill_head128_small_topk_phase1/bench_smalltopk_dqk512_hq128_s4096_kv8192_topk1280 (attempt 3)
[bench-suite] 2026-08-14T06:52:17+00:00 gpus=2 ok   sparse_flashmla_prefill_head128_phase1/bench_regular_dqk512_hq128_s4096_kv65536_topk2048 tirx=1854.835µs, flashmla=1899.240µs
[bench-suite] 2026-08-14T06:52:21+00:00 gpus=1 ok   sparse_flashmla_prefill_head64_phase1/bench_dqk512_hq64_s4096_kv8192_topk512 tirx=364.339µs, flashmla=371.116µs
[bench-suite] 2026-08-14T06:52:21+00:00 gpus=3 ok   sparse_flashmla_prefill_head64_phase1/bench_dqk512_hq64_s4096_kv65536_topk512 tirx=380.166µs, flashmla=385.865µs
[bench-suite] 2026-08-14T06:52:21+00:00 gpus=6 ok   sparse_flashmla_prefill_head128_small_topk_phase1/bench_smalltopk_dqk512_hq128_s4096_kv32768_topk1280 tirx=1158.299µs, flashmla=1177.398µs
[bench-suite] 2026-08-14T06:52:21+00:00 gpus=0 ok   sparse_flashmla_prefill_head128_small_topk_phase1/bench_smalltopk_dqk512_hq128_s4096_kv65536_topk1280 tirx=1181.296µs, flashmla=1206.219µs
[bench-suite] 2026-08-14T06:52:28+00:00 gpus=7 ok   sparse_flashmla_prefill_head128_small_topk_phase1/bench_smalltopk_dqk512_hq128_s4096_kv8192_topk1280 tirx=1154.760µs, flashmla=1156.304µs
[bench-suite] 2026-08-14T06:52:51+00:00 gpus=5 ok   sparse_flashmla_prefill_head64_phase1/bench_dqk576_hq64_s4096_kv32768_topk512 tirx=385.904µs, flashmla=394.314µs, trtllm_gen=460.361µs
[bench-suite] 2026-08-14T06:52:51+00:00 gpus=4 ok   sparse_flashmla_prefill_head128_phase1/bench_regular_dqk576_hq128_s4096_kv32768_topk2048 tirx=1850.020µs, flashmla=1862.199µs, trtllm_gen=2070.276µs
[bench-suite] interference retry summary: 11 attempt(s)
[bench-suite]   - deepgemm_sm100_fp4_paged_mqa_logits/b16_n1_mp128_ps64_h64_d128_bf16_fixed: attempt 1 → intruders [2599031]
[bench-suite]   - deepgemm_sm100_fp8_gemm_1d1d/m4096_n7168_k16384: attempt 1 → intruders [2599031]
[bench-suite]   - deepgemm_sm100_fp8_paged_mqa_logits/b1_n1_mp1_ps64_h64_d128_f32_fixed: attempt 1 → intruders [2607666]
[bench-suite]   - deepgemm_sm100_m_grouped_fp8_gemm_masked/g32_m192_n6144_k7168: attempt 1 → intruders [2608074]
[bench-suite]   - deepgemm_sm100_m_grouped_fp8_gemm_contiguous/g4_m8192_n6144_k7168: attempt 1 → intruders [2608453]
[bench-suite]   - flash_attention_backward_sm100/b4_s8192_h16_noncausal: attempt 1 → intruders [2617709]
[bench-suite]   - gdn_decode_bf16_wide_vec_t1/b128_h8_hv16_tv128: attempt 1 → intruders [2617709]
[bench-suite]   - selective_state_update_mtp_vertical/b1_h64_d64_s128_t6_r8_statebf16_official: attempt 1 → intruders [2633006]
[bench-suite]   - selective_state_update_stp_vertical/b64_h64_d128_s128_r8: attempt 1 → intruders [2633006]
[bench-suite]   - sparse_flashmla_prefill_head128_small_topk_phase1/bench_smalltopk_dqk512_hq128_s4096_kv8192_topk1280: attempt 1 → intruders [2645480]
[bench-suite]   - sparse_flashmla_prefill_head128_small_topk_phase1/bench_smalltopk_dqk512_hq128_s4096_kv8192_topk1280: attempt 2 → intruders [2645480]
[bench-suite] wrote /home/hongyij/workspace/worktrees/20260812-160102-3370505/tirx-kernels/bench_pipeline_suite_speedup_106_artifacts/after-10/suite/runs/1.json
[bench-suite] wrote /home/hongyij/workspace/worktrees/20260812-160102-3370505/tirx-kernels/bench_pipeline_suite_speedup_106_artifacts/after-10/suite/reports/1/summary.md
