[bench-suite] live log: /home/hongyij/workspace/worktrees/20260812-160102-3370505/tirx-kernels/bench_pipeline_suite_speedup_artifacts/before/suite/runs/1.log
[bench-suite]   tail : tail -f /home/hongyij/workspace/worktrees/20260812-160102-3370505/tirx-kernels/bench_pipeline_suite_speedup_artifacts/before/suite/latest.log
[bench-suite] run id : 1
[bench-suite] visible: 8 ['0', '1', '2', '3', '4', '5', '6', '7']; util now [0:99% 1:0% 2:0% 3:0% 4:0% 5:0% 6:0% 7:0%]; mem now [0:0.0% 1:0.0% 2:0.0% 3:0.0% 4:0.0% 5:0.0% 6:0.0% 7:0.0%]
[bench-suite] gate: util-threshold=0%, mem-threshold=0% — occupied (skip): ['0', '3', '4']; shareable: ['1', '2', '5', '6', '7'] (resident-VRAM cards: none)
[bench-suite] 112 workloads, 8 probe-OK GPU(s) in pool, 8 worker(s), label=suite-speedup-before-a91a1b7-cold, 5 standard-timer round(s), aggregate=mean, cooldown=1s before every impl/round
[bench-suite] 2026-08-14T02:36:15+00:00 bench_0 gpus=7 START allgather_gemm/tp1_m8192_n24576_k4096_fp16_dynamic (attempt 1)
[bench-suite] 2026-08-14T02:36:16+00:00 bench_1 gpus=6 START allgather_gemm/tp1_m8192_n57344_k8192_fp16_dynamic (attempt 1)
[bench-suite] 2026-08-14T02:36:22+00:00 bench_2 gpus=2 START allgather_gemm/tp1_m8192_n106496_k16384_fp16_dynamic (attempt 1)
[bench-suite] 2026-08-14T02:36:23+00:00 bench_5 gpus=1 START fp16_bf16_gemm/bf16_4096x4096x4096 (attempt 1)
[bench-suite] 2026-08-14T02:36:23+00:00 bench_3 gpus=3 START fp16_bf16_gemm/fp16_1024x1024x1024 (attempt 1)
[bench-suite] 2026-08-14T02:36:23+00:00 bench_4 gpus=4 START fp16_bf16_gemm/fp16_16384x16384x16384 (attempt 1)
[bench-suite] 2026-08-14T02:36:29+00:00 bench_6 gpus=5 START gemm_reduce_scatter/tp1_m8192_n4096_k12288_fp16_dynamic (attempt 1)
[bench-suite] 2026-08-14T02:36:49+00:00 bench_3 gpus=3 ok   fp16_bf16_gemm/fp16_1024x1024x1024 tir=6.820µs, torch-cublas=6.063µs
[bench-suite] 2026-08-14T02:36:52+00:00 bench_4 gpus=4 ok   fp16_bf16_gemm/fp16_16384x16384x16384 tir=5904.788µs, torch-cublas=6906.388µs
[bench-suite] 2026-08-14T02:36:52+00:00 bench_7 gpus=3 START gemm_reduce_scatter/tp1_m8192_n8192_k28672_fp16_dynamic (attempt 1)
[bench-suite] 2026-08-14T02:36:56+00:00 bench_3 gpus=4 START gemm_reduce_scatter/tp1_m8192_n16384_k53248_fp16_dynamic (attempt 1)
[bench-suite] 2026-08-14T02:37:04+00:00 bench_5 gpus=1 ok   fp16_bf16_gemm/bf16_4096x4096x4096 tir=92.716µs, torch-cublas=89.910µs, deepgemm-cublaslt=89.894µs, deepgemm-bf16=88.954µs
[bench-suite] 2026-08-14T02:37:11+00:00 bench_4 gpus=1 START nvfp4_gemm/1024x1024x1024 (attempt 1)
[bench-suite] 2026-08-14T02:37:17+00:00 bench_1 gpus=6 ok   allgather_gemm/tp1_m8192_n57344_k8192_fp16_dynamic tirx=6668.658µs, cublas_nccl_cudagraph=4899.775µs, cublasmp_split_p2p=5225.682µs
[bench-suite] 2026-08-14T02:37:22+00:00 bench_0 gpus=7 ok   allgather_gemm/tp1_m8192_n24576_k4096_fp16_dynamic tirx=1051.559µs, cublas_nccl_cudagraph=1009.101µs, cublasmp_split_p2p=1058.148µs
[bench-suite] 2026-08-14T02:37:23+00:00 bench_1 gpus=7 START nvfp4_gemm/16384x16384x16384 (attempt 1)
[bench-suite] 2026-08-14T02:37:23+00:00 bench_5 gpus=6 START nvfp4_gemm/4096x4096x4096 (attempt 1)
[bench-suite] 2026-08-14T02:37:29+00:00 bench_2 gpus=2 ok   allgather_gemm/tp1_m8192_n106496_k16384_fp16_dynamic tirx=19705.713µs, cublas_nccl_cudagraph=18008.764µs, cublasmp_split_p2p=18238.139µs
[bench-suite] 2026-08-14T02:37:30+00:00 bench_6 gpus=5 ok   gemm_reduce_scatter/tp1_m8192_n4096_k12288_fp16_dynamic tirx=599.996µs, cublas_nccl_cudagraph=565.887µs, cublasmp_split_p2p=752.284µs
[bench-suite] 2026-08-14T02:37:30+00:00 bench_3 gpus=4 FAIL gemm_reduce_scatter/tp1_m8192_n16384_k53248_fp16_dynamic 
[bench-suite] >>> FAIL-FAST gemm_reduce_scatter/tp1_m8192_n16384_k53248_fp16_dynamic attempt 1: process 0 terminated with signal SIGABRT <<<
[bench-suite] 2026-08-14T02:37:31+00:00 bench_7 gpus=3 CANCELLED gemm_reduce_scatter/tp1_m8192_n8192_k28672_fp16_dynamic 
[bench-suite] 2026-08-14T02:37:31+00:00 bench_5 gpus=6 CANCELLED nvfp4_gemm/4096x4096x4096 
[bench-suite] 2026-08-14T02:37:32+00:00 bench_4 gpus=1 CANCELLED nvfp4_gemm/1024x1024x1024 
[bench-suite] 2026-08-14T02:37:32+00:00 bench_1 gpus=7 CANCELLED nvfp4_gemm/16384x16384x16384 
[bench-suite] interference retry summary: none
[bench-suite] wrote /home/hongyij/workspace/worktrees/20260812-160102-3370505/tirx-kernels/bench_pipeline_suite_speedup_artifacts/before/suite/runs/1.json
[bench-suite] wrote /home/hongyij/workspace/worktrees/20260812-160102-3370505/tirx-kernels/bench_pipeline_suite_speedup_artifacts/before/suite/reports/1/summary.md
