[bench-suite] live log: /home/hongyij/workspace/worktrees/20260812-160102-3370505/tirx-kernels/bench_pipeline_suite_speedup_artifacts/after/suite/runs/1.log
[bench-suite]   tail : tail -f /home/hongyij/workspace/worktrees/20260812-160102-3370505/tirx-kernels/bench_pipeline_suite_speedup_artifacts/after/suite/latest.log
[bench-suite] run id : 1
[bench-suite] visible: 8 ['0', '1', '2', '3', '4', '5', '6', '7']; util now [0:100% 1:0% 2:0% 3:0% 4:0% 5:0% 6:0% 7:0%]; mem now [0:0.0% 1:0.0% 2:0.0% 3:0.0% 4:0.0% 5:0.0% 6:0.0% 7:0.0%]
[bench-suite] gate: util-threshold=0%, mem-threshold=0% — occupied (skip): ['0']; shareable: ['1', '2', '3', '4', '5', '6', '7'] (resident-VRAM cards: none)
[bench-suite] 112 workloads, 8 probe-OK GPU(s) in pool, one-shot prepared children, compile-profile={'name': 'NVIDIA B200', 'compute_capability': [10, 0], 'cuda_arch': 'sm_100a', 'num_sms': 148}, label=suite-speedup-after-0d28f50-cold, 5 standard-timer round(s), aggregate=mean, cooldown=1s before every impl/round
[bench-suite] 2026-08-14T02:39:39+00:00 prepare pid=90120 START allgather_gemm/tp1_m8192_n24576_k4096_fp16_dynamic (attempt 1)
[bench-suite] 2026-08-14T02:39:39+00:00 prepare pid=90121 START allgather_gemm/tp1_m8192_n57344_k8192_fp16_dynamic (attempt 1)
[bench-suite] 2026-08-14T02:39:39+00:00 prepare pid=90122 START allgather_gemm/tp1_m8192_n106496_k16384_fp16_dynamic (attempt 1)
[bench-suite] 2026-08-14T02:39:39+00:00 prepare pid=90123 START fp16_bf16_gemm/fp16_1024x1024x1024 (attempt 1)
[bench-suite] 2026-08-14T02:39:39+00:00 prepare pid=90124 START fp16_bf16_gemm/fp16_16384x16384x16384 (attempt 1)
[bench-suite] 2026-08-14T02:39:39+00:00 prepare pid=90125 START fp16_bf16_gemm/bf16_4096x4096x4096 (attempt 1)
[bench-suite] 2026-08-14T02:39:39+00:00 prepare pid=90126 START gemm_reduce_scatter/tp1_m8192_n4096_k12288_fp16_dynamic (attempt 1)
[bench-suite] 2026-08-14T02:39:39+00:00 prepare pid=90127 START gemm_reduce_scatter/tp1_m8192_n8192_k28672_fp16_dynamic (attempt 1)
[bench-suite] 2026-08-14T02:39:39+00:00 prepare pid=90129 START gemm_reduce_scatter/tp1_m8192_n16384_k53248_fp16_dynamic (attempt 1)
[bench-suite] 2026-08-14T02:39:39+00:00 prepare pid=90130 START nvfp4_gemm/1024x1024x1024 (attempt 1)
[bench-suite] 2026-08-14T02:39:39+00:00 prepare pid=90131 START nvfp4_gemm/4096x4096x4096 (attempt 1)
[bench-suite] 2026-08-14T02:39:39+00:00 prepare pid=90132 START nvfp4_gemm/16384x16384x16384 (attempt 1)
[bench-suite] 2026-08-14T02:39:39+00:00 prepare pid=90133 START deepgemm_fp8_fp4_mega_moe/t64_m64_h7168_i3072_e384_k6_g1 (attempt 1)
[bench-suite] 2026-08-14T02:39:39+00:00 prepare pid=90134 START deepgemm_fp8_fp4_mega_moe/t8192_m8192_h7168_i3072_e384_k6_g1 (attempt 1)
[bench-suite] 2026-08-14T02:39:39+00:00 prepare pid=90135 START deepgemm_sm100_fp4_mqa_logits/s2048_skv4096_h64_d128_f32_dense_cp (attempt 1)
[bench-suite] 2026-08-14T02:39:39+00:00 prepare pid=90136 START deepgemm_sm100_fp4_mqa_logits/s4096_skv8192_h64_d128_bf16_compressed_nocp (attempt 1)
[bench-suite] 2026-08-14T02:39:44+00:00 READY nvfp4_gemm/1024x1024x1024 prepare=5.575s
[bench-suite] 2026-08-14T02:39:45+00:00 READY nvfp4_gemm/4096x4096x4096 prepare=5.751s
[bench-suite] 2026-08-14T02:39:45+00:00 prepare pid=91305 START deepgemm_sm100_fp4_paged_mqa_logits/b1_n1_mp1_ps32_h64_d128_f32_fixed (attempt 1)
[bench-suite] 2026-08-14T02:39:45+00:00 READY deepgemm_sm100_fp4_mqa_logits/s2048_skv4096_h64_d128_f32_dense_cp prepare=5.819s
[bench-suite] 2026-08-14T02:39:45+00:00 prepare pid=91312 START deepgemm_sm100_fp4_paged_mqa_logits/b16_n1_mp128_ps64_h64_d128_bf16_fixed (attempt 1)
[bench-suite] 2026-08-14T02:39:45+00:00 READY nvfp4_gemm/16384x16384x16384 prepare=5.827s
[bench-suite] 2026-08-14T02:39:45+00:00 READY deepgemm_sm100_fp4_mqa_logits/s4096_skv8192_h64_d128_bf16_compressed_nocp prepare=5.853s
[bench-suite] 2026-08-14T02:39:45+00:00 prepare pid=91319 START deepgemm_sm100_fp8_bmm/bhr_hdr_bhd_b4096_h8_r4096_d1024 (attempt 1)
[bench-suite] 2026-08-14T02:39:45+00:00 prepare pid=91334 START deepgemm_sm100_fp8_bmm/bhd_hdr_bhr_b8192_h8_r4096_d1024 (attempt 1)
[bench-suite] 2026-08-14T02:39:45+00:00 prepare pid=91335 START deepgemm_sm100_fp8_bmm/bhd_bhr_hdr_b4096_h8_r4096_d1024 (attempt 1)
[bench-suite] 2026-08-14T02:39:45+00:00 READY fp16_bf16_gemm/bf16_4096x4096x4096 prepare=6.632s
[bench-suite] 2026-08-14T02:39:45+00:00 READY fp16_bf16_gemm/fp16_1024x1024x1024 prepare=6.635s
[bench-suite] 2026-08-14T02:39:45+00:00 prepare pid=91675 START deepgemm_sm100_fp8_gemm_1d1d/m4096_n576_k7168 (attempt 1)
[bench-suite] >>> FAIL-FAST deepgemm_fp8_fp4_mega_moe/t64_m64_h7168_i3072_e384_k6_g1 attempt 1: prepare: RuntimeError: 
#ifdef __CUDACC_RTC__
  #include <cuda/std/cstdint>
  using cuda::std::uint8_t;
  using cuda::std::uint16_t;
  using cuda::std::uint32_t <<<
[bench-suite] interference retry summary: none
[bench-suite] wrote /home/hongyij/workspace/worktrees/20260812-160102-3370505/tirx-kernels/bench_pipeline_suite_speedup_artifacts/after/suite/runs/1.json
[bench-suite] wrote /home/hongyij/workspace/worktrees/20260812-160102-3370505/tirx-kernels/bench_pipeline_suite_speedup_artifacts/after/suite/reports/1/summary.md
