[bench-suite] live log: /home/hongyij/workspace/worktrees/20260812-160102-3370505/tirx-kernels/bench_pipeline_ac10_artifacts/event/after-gpu2/suite/runs/1.log
[bench-suite]   tail : tail -f /home/hongyij/workspace/worktrees/20260812-160102-3370505/tirx-kernels/bench_pipeline_ac10_artifacts/event/after-gpu2/suite/latest.log
[bench-suite] run id : 1
[bench-suite] visible: 1 ['2']; util now [2:0%]; mem now [2:0.0%]
[bench-suite] gate: util-threshold=0%, mem-threshold=0% — occupied (skip): none; shareable: ['2'] (resident-VRAM cards: none)
[bench-suite] 1 workloads, 1 probe-OK GPU(s) in pool, one-shot prepared children, compile-profile={'name': 'NVIDIA B200', 'compute_capability': [10, 0], 'cuda_arch': 'sm_100a', 'num_sms': 148}, label=event-after-a5abeca-gpu2-schema3, 5 standard-timer round(s), aggregate=mean, cooldown=1s before every impl/round
[bench-suite] 2026-08-14T03:07:46+00:00 prepare pid=97596 START act_and_mul/silu_fp16_d4096_t1 (attempt 1)
[bench-suite] 2026-08-14T03:07:49+00:00 READY act_and_mul/silu_fp16_d4096_t1 prepare=3.075s
[bench-suite] 2026-08-14T03:07:50+00:00 gpus=2 GPU_START act_and_mul/silu_fp16_d4096_t1 (attempt 1)
[bench-suite] **********************************************************************
[bench-suite] *** INTERFERED *** act_and_mul/silu_fp16_d4096_t1 attempt 1
[bench-suite] ***   intruder PIDs: [66077]
[bench-suite] ***   stopping GPU attempt; CPU prepare remains in child
[bench-suite] **********************************************************************
[bench-suite] 2026-08-14T03:07:55+00:00 gpus=2 GPU_START act_and_mul/silu_fp16_d4096_t1 (attempt 2)
[bench-suite] **********************************************************************
[bench-suite] *** INTERFERED *** act_and_mul/silu_fp16_d4096_t1 attempt 2
[bench-suite] ***   intruder PIDs: [66077]
[bench-suite] ***   stopping GPU attempt; CPU prepare remains in child
[bench-suite] **********************************************************************
[bench-suite] 2026-08-14T03:07:57+00:00 gpus=2 GPU_START act_and_mul/silu_fp16_d4096_t1 (attempt 3)
[bench-suite] **********************************************************************
[bench-suite] *** INTERFERED *** act_and_mul/silu_fp16_d4096_t1 attempt 3
[bench-suite] ***   intruder PIDs: [67627]
[bench-suite] ***   stopping GPU attempt; CPU prepare remains in child
[bench-suite] **********************************************************************
[bench-suite] 2026-08-14T03:08:03+00:00 gpus=2 GPU_START act_and_mul/silu_fp16_d4096_t1 (attempt 4)
[bench-suite] **********************************************************************
[bench-suite] *** INTERFERED *** act_and_mul/silu_fp16_d4096_t1 attempt 4
[bench-suite] ***   intruder PIDs: [67627]
[bench-suite] ***   stopping GPU attempt; CPU prepare remains in child
[bench-suite] **********************************************************************
[bench-suite] 2026-08-14T03:08:05+00:00 gpus=2 GPU_START act_and_mul/silu_fp16_d4096_t1 (attempt 5)
[bench-suite] 2026-08-14T03:08:16+00:00 gpus=2 ok   act_and_mul/silu_fp16_d4096_t1 tirx=6.170µs, flashinfer=6.206µs
[bench-suite] interference retry summary: 4 attempt(s)
[bench-suite]   - act_and_mul/silu_fp16_d4096_t1: attempt 1 → intruders [66077]
[bench-suite]   - act_and_mul/silu_fp16_d4096_t1: attempt 2 → intruders [66077]
[bench-suite]   - act_and_mul/silu_fp16_d4096_t1: attempt 3 → intruders [67627]
[bench-suite]   - act_and_mul/silu_fp16_d4096_t1: attempt 4 → intruders [67627]
[bench-suite] wrote /home/hongyij/workspace/worktrees/20260812-160102-3370505/tirx-kernels/bench_pipeline_ac10_artifacts/event/after-gpu2/suite/runs/1.json
[bench-suite] wrote /home/hongyij/workspace/worktrees/20260812-160102-3370505/tirx-kernels/bench_pipeline_ac10_artifacts/event/after-gpu2/suite/reports/1/summary.md
