[bench-suite] live log: /home/hongyij/workspace/worktrees/20260812-160102-3370505/tirx-kernels/bench_pipeline_ac10_artifacts/proton/after/suite/runs/1.log
[bench-suite]   tail : tail -f /home/hongyij/workspace/worktrees/20260812-160102-3370505/tirx-kernels/bench_pipeline_ac10_artifacts/proton/after/suite/latest.log
[bench-suite] run id : 1
[bench-suite] visible: 1 ['1']; util now [1:0%]; mem now [1:0.0%]
[bench-suite] gate: util-threshold=0%, mem-threshold=0% — occupied (skip): ['1']; shareable: [] (resident-VRAM cards: none)
[bench-suite] 3 workloads, 1 probe-OK GPU(s) in pool, one-shot prepared children, compile-profile={'name': 'NVIDIA B200', 'compute_capability': [10, 0], 'cuda_arch': 'sm_100a', 'num_sms': 148}, label=proton-after-b5f63b5-gpu1-uuid, 5 standard-timer round(s), aggregate=mean, cooldown=1s before every impl/round
[bench-suite] 2026-08-14T01:45:39+00:00 prepare pid=65688 START fp16_bf16_gemm/fp16_1024x1024x1024 (attempt 1)
[bench-suite] 2026-08-14T01:45:39+00:00 prepare pid=65689 START fp16_bf16_gemm/fp16_2048x2048x2048 (attempt 1)
[bench-suite] 2026-08-14T01:45:39+00:00 prepare pid=65690 START fp16_bf16_gemm/fp16_4096x4096x4096 (attempt 1)
[bench-suite] 2026-08-14T01:45:44+00:00 READY fp16_bf16_gemm/fp16_1024x1024x1024 prepare=5.182s
[bench-suite] 2026-08-14T01:45:44+00:00 READY fp16_bf16_gemm/fp16_2048x2048x2048 prepare=5.189s
[bench-suite] 2026-08-14T01:45:44+00:00 READY fp16_bf16_gemm/fp16_4096x4096x4096 prepare=5.215s
[bench-suite] 2026-08-14T01:45:45+00:00 gpus=1 GPU_START fp16_bf16_gemm/fp16_1024x1024x1024 (attempt 1)
[bench-suite] **********************************************************************
[bench-suite] *** INTERFERED *** fp16_bf16_gemm/fp16_1024x1024x1024 attempt 1
[bench-suite] ***   intruder PIDs: [2883680]
[bench-suite] ***   stopping GPU attempt; CPU prepare remains in child
[bench-suite] **********************************************************************
[bench-suite] 2026-08-14T01:45:49+00:00 gpus=1 GPU_START fp16_bf16_gemm/fp16_4096x4096x4096 (attempt 1)
[bench-suite] **********************************************************************
[bench-suite] *** INTERFERED *** fp16_bf16_gemm/fp16_4096x4096x4096 attempt 1
[bench-suite] ***   intruder PIDs: [2883680]
[bench-suite] ***   stopping GPU attempt; CPU prepare remains in child
[bench-suite] **********************************************************************
[bench-suite] 2026-08-14T01:45:50+00:00 gpus=1 GPU_START fp16_bf16_gemm/fp16_4096x4096x4096 (attempt 2)
[bench-suite] 2026-08-14T01:46:03+00:00 gpus=1 ok   fp16_bf16_gemm/fp16_4096x4096x4096 tir=95.092µs, torch-cublas=92.264µs
[bench-suite] 2026-08-14T01:46:04+00:00 gpus=1 GPU_START fp16_bf16_gemm/fp16_2048x2048x2048 (attempt 1)
[bench-suite] **********************************************************************
[bench-suite] *** INTERFERED *** fp16_bf16_gemm/fp16_2048x2048x2048 attempt 1
[bench-suite] ***   intruder PIDs: [2887868]
[bench-suite] ***   stopping GPU attempt; CPU prepare remains in child
[bench-suite] **********************************************************************
[bench-suite] 2026-08-14T01:46:09+00:00 gpus=1 GPU_START fp16_bf16_gemm/fp16_2048x2048x2048 (attempt 2)
[bench-suite] **********************************************************************
[bench-suite] *** INTERFERED *** fp16_bf16_gemm/fp16_2048x2048x2048 attempt 2
[bench-suite] ***   intruder PIDs: [2888526]
[bench-suite] ***   stopping GPU attempt; CPU prepare remains in child
[bench-suite] **********************************************************************
[bench-suite] 2026-08-14T01:46:10+00:00 gpus=1 GPU_START fp16_bf16_gemm/fp16_2048x2048x2048 (attempt 3)
[bench-suite] **********************************************************************
[bench-suite] *** INTERFERED *** fp16_bf16_gemm/fp16_2048x2048x2048 attempt 3
[bench-suite] ***   intruder PIDs: [2887868]
[bench-suite] ***   stopping GPU attempt; CPU prepare remains in child
[bench-suite] **********************************************************************
[bench-suite] 2026-08-14T01:46:13+00:00 gpus=1 GPU_START fp16_bf16_gemm/fp16_2048x2048x2048 (attempt 4)
[bench-suite] **********************************************************************
[bench-suite] *** INTERFERED *** fp16_bf16_gemm/fp16_2048x2048x2048 attempt 4
[bench-suite] ***   intruder PIDs: [2889228]
[bench-suite] ***   stopping GPU attempt; CPU prepare remains in child
[bench-suite] **********************************************************************
[bench-suite] 2026-08-14T01:46:14+00:00 gpus=1 GPU_START fp16_bf16_gemm/fp16_1024x1024x1024 (attempt 2)
[bench-suite] 2026-08-14T01:46:27+00:00 gpus=1 ok   fp16_bf16_gemm/fp16_1024x1024x1024 tir=6.850µs, torch-cublas=6.031µs
[bench-suite] 2026-08-14T01:46:27+00:00 gpus=1 GPU_START fp16_bf16_gemm/fp16_2048x2048x2048 (attempt 5)
[bench-suite] **********************************************************************
[bench-suite] *** INTERFERED *** fp16_bf16_gemm/fp16_2048x2048x2048 attempt 5
[bench-suite] ***   intruder PIDs: [2891456]
[bench-suite] ***   stopping GPU attempt; CPU prepare remains in child
[bench-suite] **********************************************************************
[bench-suite] 2026-08-14T01:46:31+00:00 gpus=1 GPU_START fp16_bf16_gemm/fp16_2048x2048x2048 (attempt 6)
[bench-suite] 2026-08-14T01:46:43+00:00 gpus=1 ok   fp16_bf16_gemm/fp16_2048x2048x2048 tir=16.409µs, torch-cublas=15.830µs
[bench-suite] interference retry summary: 7 attempt(s)
[bench-suite]   - fp16_bf16_gemm/fp16_1024x1024x1024: attempt 1 → intruders [2883680]
[bench-suite]   - fp16_bf16_gemm/fp16_4096x4096x4096: attempt 1 → intruders [2883680]
[bench-suite]   - fp16_bf16_gemm/fp16_2048x2048x2048: attempt 1 → intruders [2887868]
[bench-suite]   - fp16_bf16_gemm/fp16_2048x2048x2048: attempt 2 → intruders [2888526]
[bench-suite]   - fp16_bf16_gemm/fp16_2048x2048x2048: attempt 3 → intruders [2887868]
[bench-suite]   - fp16_bf16_gemm/fp16_2048x2048x2048: attempt 4 → intruders [2889228]
[bench-suite]   - fp16_bf16_gemm/fp16_2048x2048x2048: attempt 5 → intruders [2891456]
[bench-suite] wrote /home/hongyij/workspace/worktrees/20260812-160102-3370505/tirx-kernels/bench_pipeline_ac10_artifacts/proton/after/suite/runs/1.json
[bench-suite] wrote /home/hongyij/workspace/worktrees/20260812-160102-3370505/tirx-kernels/bench_pipeline_ac10_artifacts/proton/after/suite/reports/1/summary.md
