[bench-suite] live log: /home/hongyij/workspace/worktrees/20260812-160102-3370505/tirx-kernels/bench_pipeline_ac10_artifacts/proton/after-gpu2/suite/runs/1.log
[bench-suite]   tail : tail -f /home/hongyij/workspace/worktrees/20260812-160102-3370505/tirx-kernels/bench_pipeline_ac10_artifacts/proton/after-gpu2/suite/latest.log
[bench-suite] run id : 1
[bench-suite] visible: 1 ['2']; util now [2:0%]; mem now [2:0.0%]
[bench-suite] gate: util-threshold=0%, mem-threshold=0% — occupied (skip): none; shareable: ['2'] (resident-VRAM cards: none)
[bench-suite] 3 workloads, 1 probe-OK GPU(s) in pool, one-shot prepared children, compile-profile={'name': 'NVIDIA B200', 'compute_capability': [10, 0], 'cuda_arch': 'sm_100a', 'num_sms': 148}, label=proton-after-0400e58-gpu2-schema3, 5 standard-timer round(s), aggregate=mean, cooldown=1s before every impl/round
[bench-suite] 2026-08-14T02:18:08+00:00 prepare pid=74616 START fp16_bf16_gemm/fp16_1024x1024x1024 (attempt 1)
[bench-suite] 2026-08-14T02:18:08+00:00 prepare pid=74617 START fp16_bf16_gemm/fp16_2048x2048x2048 (attempt 1)
[bench-suite] 2026-08-14T02:18:08+00:00 prepare pid=74618 START fp16_bf16_gemm/fp16_4096x4096x4096 (attempt 1)
[bench-suite] 2026-08-14T02:18:13+00:00 READY fp16_bf16_gemm/fp16_1024x1024x1024 prepare=5.164s
[bench-suite] 2026-08-14T02:18:13+00:00 READY fp16_bf16_gemm/fp16_4096x4096x4096 prepare=5.274s
[bench-suite] 2026-08-14T02:18:14+00:00 READY fp16_bf16_gemm/fp16_2048x2048x2048 prepare=5.483s
[bench-suite] 2026-08-14T02:18:14+00:00 gpus=2 GPU_START fp16_bf16_gemm/fp16_1024x1024x1024 (attempt 1)
[bench-suite] 2026-08-14T02:18:26+00:00 gpus=2 ok   fp16_bf16_gemm/fp16_1024x1024x1024 tir=6.902µs, torch-cublas=6.013µs
[bench-suite] 2026-08-14T02:18:27+00:00 gpus=2 GPU_START fp16_bf16_gemm/fp16_4096x4096x4096 (attempt 1)
[bench-suite] 2026-08-14T02:18:40+00:00 gpus=2 ok   fp16_bf16_gemm/fp16_4096x4096x4096 tir=95.755µs, torch-cublas=91.956µs
[bench-suite] 2026-08-14T02:18:41+00:00 gpus=2 GPU_START fp16_bf16_gemm/fp16_2048x2048x2048 (attempt 1)
[bench-suite] 2026-08-14T02:18:54+00:00 gpus=2 ok   fp16_bf16_gemm/fp16_2048x2048x2048 tir=16.451µs, torch-cublas=15.855µs
[bench-suite] interference retry summary: none
[bench-suite] wrote /home/hongyij/workspace/worktrees/20260812-160102-3370505/tirx-kernels/bench_pipeline_ac10_artifacts/proton/after-gpu2/suite/runs/1.json
[bench-suite] wrote /home/hongyij/workspace/worktrees/20260812-160102-3370505/tirx-kernels/bench_pipeline_ac10_artifacts/proton/after-gpu2/suite/reports/1/summary.md
