[bench-suite] live log: /home/hongyij/workspace/worktrees/20260812-160102-3370505/tirx-kernels/bench_pipeline_suite_speedup_106_artifacts/before-1/suite/runs/1.log
[bench-suite]   tail : tail -f /home/hongyij/workspace/worktrees/20260812-160102-3370505/tirx-kernels/bench_pipeline_suite_speedup_106_artifacts/before-1/suite/latest.log
[bench-suite] run id : 1
[bench-suite] visible: 8 ['0', '1', '2', '3', '4', '5', '6', '7']; util now [0:0% 1:0% 2:0% 3:0% 4:0% 5:0% 6:0% 7:0%]; mem now [0:0.0% 1:0.0% 2:0.0% 3:0.0% 4:0.0% 5:0.0% 6:0.0% 7:0.0%]
[bench-suite] gate: util-threshold=0%, mem-threshold=85% — occupied (skip): none; shareable: ['0', '1', '2', '3', '4', '5', '6', '7'] (resident-VRAM cards: none)
[bench-suite] 106 workloads, 8 probe-OK GPU(s) in pool, 8 worker(s), label=suite-speedup-before-078e10c-cold-106-cutlassdsl460dev0-quack053, 5 standard-timer round(s), aggregate=mean, cooldown=1s before every impl/round
[bench-suite] 2026-08-14T06:54:32+00:00 bench_0 gpus=0 START fp16_bf16_gemm/fp16_1024x1024x1024 (attempt 1)
[bench-suite] 2026-08-14T06:54:33+00:00 bench_1 gpus=4 START fp16_bf16_gemm/fp16_16384x16384x16384 (attempt 1)
[bench-suite] 2026-08-14T06:54:41+00:00 bench_2 gpus=3 START fp16_bf16_gemm/bf16_4096x4096x4096 (attempt 1)
[bench-suite] 2026-08-14T06:54:41+00:00 bench_6 gpus=7 START deepgemm_fp8_fp4_mega_moe/t64_m64_h7168_i3072_e384_k6_g1 (attempt 1)
[bench-suite] 2026-08-14T06:54:41+00:00 bench_3 gpus=5 START nvfp4_gemm/1024x1024x1024 (attempt 1)
[bench-suite] 2026-08-14T06:54:41+00:00 bench_4 gpus=6 START nvfp4_gemm/4096x4096x4096 (attempt 1)
[bench-suite] 2026-08-14T06:54:41+00:00 bench_5 gpus=2 START nvfp4_gemm/16384x16384x16384 (attempt 1)
[bench-suite] 2026-08-14T06:54:46+00:00 bench_7 gpus=1 START deepgemm_fp8_fp4_mega_moe/t8192_m8192_h7168_i3072_e384_k6_g1 (attempt 1)
[bench-suite] 2026-08-14T06:54:55+00:00 bench_0 gpus=0 ok   fp16_bf16_gemm/fp16_1024x1024x1024 tir=6.898µs, torch-cublas=6.104µs
[bench-suite] 2026-08-14T06:54:56+00:00 bench_0 gpus=0 START deepgemm_sm100_fp4_mqa_logits/s2048_skv4096_h64_d128_f32_dense_cp (attempt 1)
[bench-suite] 2026-08-14T06:54:59+00:00 bench_1 gpus=4 ok   fp16_bf16_gemm/fp16_16384x16384x16384 tir=5965.666µs, torch-cublas=5875.866µs
[bench-suite] 2026-08-14T06:54:59+00:00 bench_1 gpus=4 START deepgemm_sm100_fp4_mqa_logits/s4096_skv8192_h64_d128_bf16_compressed_nocp (attempt 1)
[bench-suite] 2026-08-14T06:55:14+00:00 bench_6 gpus=7 ok   deepgemm_fp8_fp4_mega_moe/t64_m64_h7168_i3072_e384_k6_g1 tirx=1298.800µs, deepgemm=1287.600µs
[bench-suite] 2026-08-14T06:55:14+00:00 bench_6 gpus=7 START deepgemm_sm100_fp4_paged_mqa_logits/b1_n1_mp1_ps32_h64_d128_f32_fixed (attempt 1)
[bench-suite] 2026-08-14T06:55:17+00:00 bench_0 gpus=0 ok   deepgemm_sm100_fp4_mqa_logits/s2048_skv4096_h64_d128_f32_dense_cp tirx=38.174µs, deepgemm=39.800µs
[bench-suite] 2026-08-14T06:55:17+00:00 bench_0 gpus=0 START deepgemm_sm100_fp4_paged_mqa_logits/b16_n1_mp128_ps64_h64_d128_bf16_fixed (attempt 1)
[bench-suite] 2026-08-14T06:55:19+00:00 bench_2 gpus=3 ok   fp16_bf16_gemm/bf16_4096x4096x4096 tir=92.474µs, torch-cublas=89.603µs, deepgemm-cublaslt=89.592µs, deepgemm-bf16=89.876µs
[bench-suite] 2026-08-14T06:55:20+00:00 bench_2 gpus=3 START deepgemm_sm100_fp8_bmm/bhr_hdr_bhd_b4096_h8_r4096_d1024 (attempt 1)
[bench-suite] 2026-08-14T06:55:21+00:00 bench_1 gpus=4 ok   deepgemm_sm100_fp4_mqa_logits/s4096_skv8192_h64_d128_bf16_compressed_nocp tirx=183.700µs, deepgemm=181.520µs
[bench-suite] 2026-08-14T06:55:22+00:00 bench_1 gpus=4 START deepgemm_sm100_fp8_bmm/bhd_hdr_bhr_b8192_h8_r4096_d1024 (attempt 1)
[bench-suite] 2026-08-14T06:55:31+00:00 bench_7 gpus=1 ok   deepgemm_fp8_fp4_mega_moe/t8192_m8192_h7168_i3072_e384_k6_g1 tirx=3460.600µs, deepgemm=3461.200µs
[bench-suite] 2026-08-14T06:55:37+00:00 bench_7 gpus=1 START deepgemm_sm100_fp8_bmm/bhd_bhr_hdr_b4096_h8_r4096_d1024 (attempt 1)
[bench-suite] 2026-08-14T06:55:37+00:00 bench_6 gpus=7 ok   deepgemm_sm100_fp4_paged_mqa_logits/b1_n1_mp1_ps32_h64_d128_f32_fixed tirx=4.069µs, deepgemm=4.946µs
[bench-suite] 2026-08-14T06:55:38+00:00 bench_6 gpus=7 START deepgemm_sm100_fp8_gemm_1d1d/m4096_n576_k7168 (attempt 1)
[bench-suite] 2026-08-14T06:55:40+00:00 bench_0 gpus=0 ok   deepgemm_sm100_fp4_paged_mqa_logits/b16_n1_mp128_ps64_h64_d128_bf16_fixed tirx=6.287µs, deepgemm=6.531µs
[bench-suite] 2026-08-14T06:55:41+00:00 bench_0 gpus=0 START deepgemm_sm100_fp8_gemm_1d1d/m4096_n7168_k16384 (attempt 1)
[bench-suite] 2026-08-14T06:55:42+00:00 bench_2 gpus=3 ok   deepgemm_sm100_fp8_bmm/bhr_hdr_bhd_b4096_h8_r4096_d1024 tirx=98.914µs, deepgemm=99.272µs
[bench-suite] 2026-08-14T06:55:43+00:00 bench_1 gpus=4 ok   deepgemm_sm100_fp8_bmm/bhd_hdr_bhr_b8192_h8_r4096_d1024 tirx=231.573µs, deepgemm=251.218µs
[bench-suite] 2026-08-14T06:55:43+00:00 bench_2 gpus=3 START deepgemm_sm100_fp8_gemm_1d1d/m4096_n4096_k7168_bfp4 (attempt 1)
[bench-suite] 2026-08-14T06:55:44+00:00 bench_1 gpus=4 START deepgemm_sm100_fp8_mqa_logits/s2048_skv4096_h64_d128_f32_dense_cp (attempt 1)
[bench-suite] 2026-08-14T06:55:58+00:00 bench_7 gpus=1 ok   deepgemm_sm100_fp8_bmm/bhd_bhr_hdr_b4096_h8_r4096_d1024 tirx=133.145µs, deepgemm=136.289µs
[bench-suite] 2026-08-14T06:55:59+00:00 bench_6 gpus=7 ok   deepgemm_sm100_fp8_gemm_1d1d/m4096_n576_k7168 tirx=18.738µs, deepgemm=19.036µs
[bench-suite] 2026-08-14T06:55:59+00:00 bench_7 gpus=1 START deepgemm_sm100_fp8_mqa_logits/s4096_skv8192_h64_d128_bf16_compressed_nocp (attempt 1)
[bench-suite] 2026-08-14T06:56:00+00:00 bench_6 gpus=7 START deepgemm_sm100_fp8_paged_mqa_logits/b1_n1_mp1_ps64_h64_d128_f32_fixed (attempt 1)
[bench-suite] 2026-08-14T06:56:02+00:00 bench_0 gpus=0 ok   deepgemm_sm100_fp8_gemm_1d1d/m4096_n7168_k16384 tirx=332.288µs, deepgemm=338.087µs
[bench-suite] 2026-08-14T06:56:03+00:00 bench_0 gpus=0 START deepgemm_sm100_fp8_paged_mqa_logits/b16_n1_mp128_ps64_h64_d128_bf16_fixed (attempt 1)
[bench-suite] 2026-08-14T06:56:05+00:00 bench_2 gpus=3 ok   deepgemm_sm100_fp8_gemm_1d1d/m4096_n4096_k7168_bfp4 tirx=78.667µs, deepgemm=79.142µs
[bench-suite] 2026-08-14T06:56:06+00:00 bench_2 gpus=3 START deepgemm_sm100_k_grouped_fp8_gemm_contiguous/g8_m4096_n7168_k4096_gran32_al160 (attempt 1)
[bench-suite] 2026-08-14T06:56:07+00:00 bench_1 gpus=4 ok   deepgemm_sm100_fp8_mqa_logits/s2048_skv4096_h64_d128_f32_dense_cp tirx=39.509µs, deepgemm=40.522µs
[bench-suite] 2026-08-14T06:56:13+00:00 bench_1 gpus=4 START deepgemm_sm100_k_grouped_fp8_gemm_contiguous/g16_m7168_n2048_k2048_gran128_al128 (attempt 1)
[bench-suite] 2026-08-14T06:56:21+00:00 bench_7 gpus=1 ok   deepgemm_sm100_fp8_mqa_logits/s4096_skv8192_h64_d128_bf16_compressed_nocp tirx=180.406µs, deepgemm=190.396µs
[bench-suite] 2026-08-14T06:56:27+00:00 bench_7 gpus=1 START deepgemm_sm100_k_grouped_fp8_gemm_contiguous/g4_m4096_n7168_k8192_gran128_al128_psum (attempt 1)
[bench-suite] 2026-08-14T06:56:28+00:00 bench_2 gpus=3 ok   deepgemm_sm100_k_grouped_fp8_gemm_contiguous/g8_m4096_n7168_k4096_gran32_al160 tirx=908.244µs, deepgemm=941.844µs
[bench-suite] 2026-08-14T06:56:28+00:00 bench_2 gpus=3 START deepgemm_sm100_m_grouped_fp8_gemm_contiguous/g4_m8192_n6144_k7168 (attempt 1)
[bench-suite] 2026-08-14T06:56:33+00:00 bench_6 gpus=7 ok   deepgemm_sm100_fp8_paged_mqa_logits/b1_n1_mp1_ps64_h64_d128_f32_fixed tirx=4.387µs, deepgemm=4.800µs, sglang_cutedsl=4.841µs
[bench-suite] 2026-08-14T06:56:34+00:00 bench_1 gpus=4 ok   deepgemm_sm100_k_grouped_fp8_gemm_contiguous/g16_m7168_n2048_k2048_gran128_al128 tirx=584.084µs, deepgemm=581.147µs
[bench-suite] 2026-08-14T06:56:34+00:00 bench_6 gpus=7 START deepgemm_sm100_m_grouped_fp8_gemm_contiguous/g8_m4096_n4096_k2048_bfp4 (attempt 1)
[bench-suite] 2026-08-14T06:56:35+00:00 bench_0 gpus=0 ok   deepgemm_sm100_fp8_paged_mqa_logits/b16_n1_mp128_ps64_h64_d128_bf16_fixed tirx=6.683µs, deepgemm=6.918µs, sglang_cutedsl=6.932µs
[bench-suite] 2026-08-14T06:56:35+00:00 bench_1 gpus=4 START deepgemm_sm100_m_grouped_fp8_gemm_contiguous/g8_m4096_n7168_k3072_psum_zp (attempt 1)
[bench-suite] 2026-08-14T06:56:37+00:00 bench_0 gpus=0 START deepgemm_sm100_m_grouped_fp8_gemm_masked/g32_m192_n6144_k7168 (attempt 1)
[bench-suite] 2026-08-14T06:56:49+00:00 bench_7 gpus=1 ok   deepgemm_sm100_k_grouped_fp8_gemm_contiguous/g4_m4096_n7168_k8192_gran128_al128_psum tirx=844.795µs, deepgemm=856.848µs
[bench-suite] 2026-08-14T06:56:49+00:00 bench_7 gpus=1 START deepgemm_sm100_m_grouped_fp8_gemm_masked/g6_m1024_n4096_k2048 (attempt 1)
[bench-suite] 2026-08-14T06:56:50+00:00 bench_2 gpus=3 ok   deepgemm_sm100_m_grouped_fp8_gemm_contiguous/g4_m8192_n6144_k7168 tirx=999.715µs, deepgemm=1005.462µs
[bench-suite] 2026-08-14T06:56:57+00:00 bench_1 gpus=4 ok   deepgemm_sm100_m_grouped_fp8_gemm_contiguous/g8_m4096_n7168_k3072_psum_zp tirx=533.913µs, deepgemm=534.195µs
[bench-suite] 2026-08-14T06:56:57+00:00 bench_6 gpus=7 ok   deepgemm_sm100_m_grouped_fp8_gemm_contiguous/g8_m4096_n4096_k2048_bfp4 tirx=183.716µs, deepgemm=183.733µs
[bench-suite] 2026-08-14T06:56:57+00:00 bench_2 gpus=3 START deepgemm_sm100_m_grouped_fp8_gemm_masked/g32_m192_n4096_k4096_bfp4 (attempt 1)
[bench-suite] 2026-08-14T06:56:57+00:00 bench_0 gpus=0 ok   deepgemm_sm100_m_grouped_fp8_gemm_masked/g32_m192_n6144_k7168 tirx=327.944µs, deepgemm=334.034µs
[bench-suite] 2026-08-14T06:56:57+00:00 bench_1 gpus=7 START deepgemm_sm100_tf32_hc_prenorm_gemm/m128_n24_k16384_s64 (attempt 1)
[bench-suite] 2026-08-14T06:56:58+00:00 bench_6 gpus=0 START deepgemm_sm100_tf32_hc_prenorm_gemm/m8192_n24_k28672_s1 (attempt 1)
[bench-suite] 2026-08-14T06:57:03+00:00 bench_0 gpus=4 START deepgemm_sm100_tf32_hc_prenorm_gemm/m4096_n24_k7168_s1 (attempt 1)
[bench-suite] 2026-08-14T06:57:10+00:00 bench_7 gpus=1 ok   deepgemm_sm100_m_grouped_fp8_gemm_masked/g6_m1024_n4096_k2048 tirx=39.468µs, deepgemm=39.528µs
[bench-suite] 2026-08-14T06:57:10+00:00 bench_7 gpus=1 START flash_attention4/s1024_h32kv4 (attempt 1)
[bench-suite] 2026-08-14T06:57:17+00:00 bench_2 gpus=3 ok   deepgemm_sm100_m_grouped_fp8_gemm_masked/g32_m192_n4096_k4096_bfp4 tirx=115.071µs, deepgemm=114.424µs
[bench-suite] 2026-08-14T06:57:18+00:00 bench_1 gpus=7 ok   deepgemm_sm100_tf32_hc_prenorm_gemm/m128_n24_k16384_s64 tirx=5.263µs, deepgemm=5.204µs
[bench-suite] 2026-08-14T06:57:18+00:00 bench_2 gpus=3 START flash_attention4/s4096_h32kv4_causal (attempt 1)
[bench-suite] 2026-08-14T06:57:19+00:00 bench_6 gpus=0 ok   deepgemm_sm100_tf32_hc_prenorm_gemm/m8192_n24_k28672_s1 tirx=83.820µs, deepgemm=91.921µs
[bench-suite] 2026-08-14T06:57:19+00:00 bench_1 gpus=7 START flash_attention4/s8192_h32kv32 (attempt 1)
[bench-suite] 2026-08-14T06:57:21+00:00 bench_6 gpus=0 START flash_attention_backward_sm100/b1_s2048_h16_causal (attempt 1)
[bench-suite] 2026-08-14T06:57:24+00:00 bench_0 gpus=4 ok   deepgemm_sm100_tf32_hc_prenorm_gemm/m4096_n24_k7168_s1 tirx=23.179µs, deepgemm=23.812µs
[bench-suite] 2026-08-14T06:57:25+00:00 bench_0 gpus=4 START flash_attention_backward_sm100/b1_s8192_h16_noncausal (attempt 1)
[bench-suite] 2026-08-14T06:57:26+00:00 bench_4 gpus=6 ok   nvfp4_gemm/4096x4096x4096 tir=29.622µs, flashinfer=30.910µs, cublaslt_nvfp4=28.677µs
[bench-suite] 2026-08-14T06:57:27+00:00 bench_3 gpus=5 ok   nvfp4_gemm/1024x1024x1024 tir=5.347µs, flashinfer=4.567µs, cublaslt_nvfp4=4.552µs
[bench-suite] 2026-08-14T06:57:27+00:00 bench_5 gpus=2 ok   nvfp4_gemm/16384x16384x16384 tir=1498.114µs, flashinfer=1438.492µs, cublaslt_nvfp4=1468.875µs
[bench-suite] 2026-08-14T06:57:28+00:00 bench_4 gpus=6 START flash_attention_backward_sm100/b4_s8192_h16_noncausal (attempt 1)
[bench-suite] 2026-08-14T06:57:29+00:00 bench_5 gpus=5 START act_and_mul/silu_bf16_d16384_t32768 (attempt 1)
[bench-suite] 2026-08-14T06:57:29+00:00 bench_3 gpus=2 START act_and_mul/silu_fp16_d4096_t1 (attempt 1)
[bench-suite] 2026-08-14T06:57:37+00:00 bench_7 gpus=1 ok   flash_attention4/s1024_h32kv4 tir=19.420µs, flashattn_sm100=20.022µs
[bench-suite] 2026-08-14T06:57:43+00:00 bench_7 gpus=1 START act_and_mul/gelu_tanh_fp16_d11008_t8192 (attempt 1)
[bench-suite] 2026-08-14T06:57:48+00:00 bench_2 gpus=3 ok   flash_attention4/s4096_h32kv4_causal tir=111.780µs, flashattn_sm100=115.701µs
[bench-suite] 2026-08-14T06:57:51+00:00 bench_1 gpus=7 ok   flash_attention4/s8192_h32kv32 tir=772.275µs, flashattn_sm100=772.920µs
[bench-suite] 2026-08-14T06:57:52+00:00 bench_5 gpus=5 ok   act_and_mul/silu_bf16_d16384_t32768 tirx=454.467µs, flashinfer=474.854µs
[bench-suite] 2026-08-14T06:57:52+00:00 bench_3 gpus=2 ok   act_and_mul/silu_fp16_d4096_t1 tirx=2.683µs, flashinfer=2.819µs
[bench-suite] 2026-08-14T06:57:54+00:00 bench_2 gpus=2 START silu_and_mul_nvfp4_experts_quantize/fp16_b128_m2048_k2048 (attempt 1)
[bench-suite] 2026-08-14T06:57:58+00:00 bench_1 gpus=3 START silu_and_mul_nvfp4_experts_quantize/bf16_b8_m512_k2048 (attempt 1)
[bench-suite] 2026-08-14T06:57:59+00:00 bench_5 gpus=7 START silu_and_mul_nvfp4_experts_quantize/fp16_b8_m16_k2048 (attempt 1)
[bench-suite] 2026-08-14T06:57:59+00:00 bench_6 gpus=0 ok   flash_attention_backward_sm100/b1_s2048_h16_causal tir=82.619µs, flashattn_sm100=81.851µs
[bench-suite] 2026-08-14T06:57:59+00:00 bench_3 gpus=5 START gdn_decode_bf16_wide_vec_t1/b16_h16_hv32_tv64 (attempt 1)
[bench-suite] 2026-08-14T06:58:01+00:00 bench_6 gpus=0 START gdn_decode_bf16_wide_vec_t1/b128_h8_hv16_tv128 (attempt 1)
[bench-suite] 2026-08-14T06:58:02+00:00 bench_0 gpus=4 ok   flash_attention_backward_sm100/b1_s8192_h16_noncausal tir=1126.035µs, flashattn_sm100=1122.301µs
[bench-suite] 2026-08-14T06:58:04+00:00 bench_0 gpus=4 START gdn_decode_bf16_wide_vec_t1/b512_h4_hv8_tv128 (attempt 1)
[bench-suite] 2026-08-14T06:58:05+00:00 bench_4 gpus=6 ok   flash_attention_backward_sm100/b4_s8192_h16_noncausal tir=4417.096µs, flashattn_sm100=4451.041µs
[bench-suite] 2026-08-14T06:58:07+00:00 bench_7 gpus=1 ok   act_and_mul/gelu_tanh_fp16_d11008_t8192 tirx=97.267µs, flashinfer=109.255µs
[bench-suite] 2026-08-14T06:58:07+00:00 bench_4 gpus=6 START gdn_prefill_sm100/hq8_hv32_s1024x8 (attempt 1)
[bench-suite] 2026-08-14T06:58:08+00:00 bench_7 gpus=1 START gdn_prefill_sm100/hq16_hv64_s1x8192 (attempt 1)
[bench-suite] 2026-08-14T06:58:14+00:00 bench_2 gpus=2 ok   silu_and_mul_nvfp4_experts_quantize/fp16_b128_m2048_k2048 tirx=276.450µs, flashinfer=301.838µs
[bench-suite] 2026-08-14T06:58:18+00:00 bench_1 gpus=3 ok   silu_and_mul_nvfp4_experts_quantize/bf16_b8_m512_k2048 tirx=8.916µs, flashinfer=10.695µs
[bench-suite] 2026-08-14T06:58:20+00:00 bench_5 gpus=7 ok   silu_and_mul_nvfp4_experts_quantize/fp16_b8_m16_k2048 tirx=3.311µs, flashinfer=4.107µs
[bench-suite] 2026-08-14T06:58:21+00:00 bench_2 gpus=2 START gdn_prefill_sm100/hq32_hv32_s8192x16 (attempt 1)
[bench-suite] 2026-08-14T06:58:23+00:00 bench_3 gpus=5 ok   gdn_decode_bf16_wide_vec_t1/b16_h16_hv32_tv64 tirx=8.805µs, flashinfer_cutedsl=9.050µs
[bench-suite] 2026-08-14T06:58:23+00:00 bench_1 gpus=3 START tinygemm2_sm100/b1_o128_k720 (attempt 1)
[bench-suite] 2026-08-14T06:58:24+00:00 bench_6 gpus=0 ok   gdn_decode_bf16_wide_vec_t1/b128_h8_hv16_tv128 tirx=24.982µs, flashinfer_cutedsl=25.812µs
[bench-suite] 2026-08-14T06:58:26+00:00 bench_5 gpus=5 START tinygemm2_sm100/b16_o2880_k2880 (attempt 1)
[bench-suite] 2026-08-14T06:58:27+00:00 bench_0 gpus=4 ok   gdn_decode_bf16_wide_vec_t1/b512_h4_hv8_tv128 tirx=46.245µs, flashinfer_cutedsl=46.994µs
[bench-suite] 2026-08-14T06:58:30+00:00 bench_6 gpus=7 START flashkda_bf16_fused_m128/h96_fixed8192 (attempt 1)
[bench-suite] 2026-08-14T06:58:30+00:00 bench_3 gpus=0 START tinygemm2_sm100/b64_o4096_k3072 (attempt 1)
[bench-suite] 2026-08-14T06:58:34+00:00 bench_0 gpus=4 START flashkda_bf16_fused_m128/h96_uniform (attempt 1)
[bench-suite] 2026-08-14T06:58:34+00:00 bench_4 gpus=6 ok   gdn_prefill_sm100/hq8_hv32_s1024x8 tirx=92.816µs, flashinfer_cutedsl=95.867µs
[bench-suite] 2026-08-14T06:58:36+00:00 bench_7 gpus=1 ok   gdn_prefill_sm100/hq16_hv64_s1x8192 tirx=238.881µs, flashinfer_cutedsl=249.518µs
[bench-suite] 2026-08-14T06:58:36+00:00 bench_4 gpus=6 START flashkda_bf16_fused_m128/h64_mixed (attempt 1)
[bench-suite] 2026-08-14T06:58:37+00:00 bench_7 gpus=1 START recurrent_kda_decode_grouped/dec_hv16_b1 (attempt 1)
[bench-suite] 2026-08-14T06:58:49+00:00 bench_2 gpus=2 ok   gdn_prefill_sm100/hq32_hv32_s8192x16 tirx=1088.275µs, flashinfer_cutedsl=1115.174µs
[bench-suite] 2026-08-14T06:58:50+00:00 bench_1 gpus=3 ok   tinygemm2_sm100/b1_o128_k720 tirx=2.958µs, flashinfer_sm100=2.956µs
[bench-suite] 2026-08-14T06:58:50+00:00 bench_5 gpus=5 ok   tinygemm2_sm100/b16_o2880_k2880 tirx=7.997µs, flashinfer_sm100=8.081µs
[bench-suite] 2026-08-14T06:58:51+00:00 bench_2 gpus=2 START recurrent_kda_decode_grouped/ver_t8_hv16_b128 (attempt 1)
[bench-suite] 2026-08-14T06:58:52+00:00 bench_5 gpus=5 START recurrent_kda_decode_one_warp/hv16_b8_tr8_lb (attempt 1)
[bench-suite] 2026-08-14T06:58:52+00:00 bench_3 gpus=0 ok   tinygemm2_sm100/b64_o4096_k3072 tirx=22.066µs, flashinfer_sm100=22.251µs
[bench-suite] 2026-08-14T06:58:52+00:00 bench_1 gpus=3 START recurrent_kda_decode_grouped/ver_t8_hv12_b16 (attempt 1)
[bench-suite] 2026-08-14T06:58:54+00:00 bench_3 gpus=0 START recurrent_kda_decode_one_warp/hv16_b128_tr16_lb (attempt 1)
[bench-suite] 2026-08-14T06:58:58+00:00 bench_7 gpus=1 ok   recurrent_kda_decode_grouped/dec_hv16_b1 tirx=3.263µs, flashinfer_cutedsl=3.705µs
[bench-suite] 2026-08-14T06:59:00+00:00 bench_7 gpus=1 START recurrent_kda_decode_one_warp/hv12_b64_tr16_lb (attempt 1)
[bench-suite] 2026-08-14T06:59:06+00:00 bench_4 gpus=6 ok   flashkda_bf16_fused_m128/h64_mixed tirx=265.064µs, flashinfer_m128=270.347µs, flashkda_raw=687.278µs
[bench-suite] 2026-08-14T06:59:07+00:00 bench_0 gpus=4 ok   flashkda_bf16_fused_m128/h96_uniform tirx=434.089µs, flashinfer_m128=438.108µs, flashkda_raw=725.677µs
[bench-suite] 2026-08-14T06:59:07+00:00 bench_6 gpus=7 ok   flashkda_bf16_fused_m128/h96_fixed8192 tirx=499.126µs, flashinfer_m128=506.474µs, flashkda_raw=1101.831µs
[bench-suite] 2026-08-14T06:59:07+00:00 bench_4 gpus=6 START selective_state_update_mtp_horizontal/b1_h64_d64_s128_t6_r8_statebf16_official (attempt 1)
[bench-suite] 2026-08-14T06:59:09+00:00 bench_0 gpus=7 START selective_state_update_mtp_horizontal/b512_h64_d64_s128_t6_r8_statebf16_official (attempt 1)
[bench-suite] 2026-08-14T06:59:09+00:00 bench_6 gpus=4 START selective_state_update_mtp_horizontal/b2048_h64_d64_s128_t6_r8_statebf16_official (attempt 1)
[bench-suite] 2026-08-14T06:59:15+00:00 bench_5 gpus=5 ok   recurrent_kda_decode_one_warp/hv16_b8_tr8_lb tirx=5.251µs, flashinfer_cutedsl=5.429µs
[bench-suite] 2026-08-14T06:59:16+00:00 bench_2 gpus=2 ok   recurrent_kda_decode_grouped/ver_t8_hv16_b128 tirx=161.874µs, flashinfer_cutedsl=219.105µs
[bench-suite] 2026-08-14T06:59:16+00:00 bench_5 gpus=5 START selective_state_update_mtp_simple/b1_h64_d64_s128_t6_r8_statebf16_official (attempt 1)
[bench-suite] 2026-08-14T06:59:17+00:00 bench_3 gpus=0 ok   recurrent_kda_decode_one_warp/hv16_b128_tr16_lb tirx=26.644µs, flashinfer_cutedsl=29.357µs
[bench-suite] 2026-08-14T06:59:17+00:00 bench_1 gpus=3 ok   recurrent_kda_decode_grouped/ver_t8_hv12_b16 tirx=22.104µs, flashinfer_cutedsl=31.204µs
[bench-suite] 2026-08-14T06:59:17+00:00 bench_2 gpus=2 START selective_state_update_mtp_simple/b512_h64_d64_s128_t6_r8_statebf16_official (attempt 1)
[bench-suite] 2026-08-14T06:59:19+00:00 bench_3 gpus=0 START selective_state_update_mtp_simple/b2048_h64_d64_s128_t6_r8_statebf16_official (attempt 1)
[bench-suite] 2026-08-14T06:59:19+00:00 bench_1 gpus=3 START selective_state_update_mtp_vertical/b1_h64_d64_s128_t6_r8_statebf16_official (attempt 1)
[bench-suite] 2026-08-14T06:59:23+00:00 bench_7 gpus=1 ok   recurrent_kda_decode_one_warp/hv12_b64_tr16_lb tirx=12.675µs, flashinfer_cutedsl=13.800µs
[bench-suite] 2026-08-14T06:59:24+00:00 bench_7 gpus=1 START selective_state_update_mtp_vertical/b512_h64_d64_s128_t6_r8_statebf16_official (attempt 1)
[bench-suite] 2026-08-14T06:59:44+00:00 bench_5 gpus=5 ok   selective_state_update_mtp_simple/b1_h64_d64_s128_t6_r8_statebf16_official tirx=4.419µs, flashinfer_cuda=5.216µs
[bench-suite] 2026-08-14T06:59:46+00:00 bench_1 gpus=3 ok   selective_state_update_mtp_vertical/b1_h64_d64_s128_t6_r8_statebf16_official tirx=17.467µs, flashinfer_cuda=18.229µs
[bench-suite] 2026-08-14T06:59:46+00:00 bench_2 gpus=2 ok   selective_state_update_mtp_simple/b512_h64_d64_s128_t6_r8_statebf16_official tirx=384.388µs, flashinfer_cuda=400.474µs
[bench-suite] 2026-08-14T06:59:46+00:00 bench_0 gpus=7 ok   selective_state_update_mtp_horizontal/b512_h64_d64_s128_t6_r8_statebf16_official tirx=351.678µs, flashinfer_cuda=382.052µs
[bench-suite] 2026-08-14T06:59:46+00:00 bench_3 gpus=0 ok   selective_state_update_mtp_simple/b2048_h64_d64_s128_t6_r8_statebf16_official tirx=1519.802µs, flashinfer_cuda=1583.588µs
[bench-suite] 2026-08-14T06:59:46+00:00 bench_7 gpus=1 ok   selective_state_update_mtp_vertical/b512_h64_d64_s128_t6_r8_statebf16_official tirx=713.256µs, flashinfer_cuda=733.343µs
[bench-suite] 2026-08-14T06:59:46+00:00 bench_6 gpus=4 ok   selective_state_update_mtp_horizontal/b2048_h64_d64_s128_t6_r8_statebf16_official tirx=1388.982µs, flashinfer_cuda=1509.772µs
[bench-suite] 2026-08-14T06:59:46+00:00 bench_4 gpus=6 ok   selective_state_update_mtp_horizontal/b1_h64_d64_s128_t6_r8_statebf16_official tirx=6.981µs, flashinfer_cuda=7.456µs
[bench-suite] 2026-08-14T06:59:46+00:00 bench_5 gpus=5 START selective_state_update_mtp_vertical/b2048_h64_d64_s128_t6_r8_statebf16_official (attempt 1)
[bench-suite] 2026-08-14T06:59:46+00:00 bench_1 gpus=2 START selective_state_update_stp_horizontal/b64_h64_d64_s128_r8_base (attempt 1)
[bench-suite] 2026-08-14T06:59:53+00:00 bench_0 gpus=6 START selective_state_update_stp_horizontal/b64_h64_d64_s256_r8 (attempt 1)
[bench-suite] 2026-08-14T06:59:53+00:00 bench_2 gpus=1 START selective_state_update_stp_horizontal/b64_h64_d128_s128_r8 (attempt 1)
[bench-suite] 2026-08-14T06:59:58+00:00 bench_3 gpus=4 START selective_state_update_stp_simple/b64_h64_d64_s128_r8_base (attempt 1)
[bench-suite] 2026-08-14T07:00:02+00:00 bench_6 gpus=7 START selective_state_update_stp_simple/b64_h64_d64_s256_r8 (attempt 1)
[bench-suite] 2026-08-14T07:00:02+00:00 bench_7 gpus=3 START selective_state_update_stp_simple/b64_h64_d128_s128_r8 (attempt 1)
[bench-suite] 2026-08-14T07:00:05+00:00 bench_4 gpus=0 START selective_state_update_stp_vertical/b64_h64_d64_s128_r8_base (attempt 1)
[bench-suite] 2026-08-14T07:00:06+00:00 bench_5 gpus=5 ok   selective_state_update_mtp_vertical/b2048_h64_d64_s128_t6_r8_statebf16_official tirx=2826.134µs, flashinfer_cuda=2905.006µs
[bench-suite] 2026-08-14T07:00:13+00:00 bench_5 gpus=5 START selective_state_update_stp_vertical/b64_h64_d128_s128_r8 (attempt 1)
[bench-suite] 2026-08-14T07:00:23+00:00 bench_1 gpus=2 ok   selective_state_update_stp_horizontal/b64_h64_d64_s128_r8_base tirx=27.729µs, flashinfer_cuda=28.693µs
[bench-suite] 2026-08-14T07:00:24+00:00 bench_3 gpus=4 ok   selective_state_update_stp_simple/b64_h64_d64_s128_r8_base tirx=37.374µs, flashinfer_cuda=38.054µs
[bench-suite] 2026-08-14T07:00:24+00:00 bench_1 gpus=2 START selective_state_update_stp_vertical/b64_h64_d64_s256_r8 (attempt 1)
[bench-suite] 2026-08-14T07:00:25+00:00 bench_3 gpus=4 START mxfp4_quantize/fp16_linear_m4096_k4096 (attempt 1)
[bench-suite] 2026-08-14T07:00:26+00:00 bench_4 gpus=0 ok   selective_state_update_stp_vertical/b64_h64_d64_s128_r8_base tirx=27.677µs, flashinfer_cuda=31.320µs
[bench-suite] 2026-08-14T07:00:28+00:00 bench_4 gpus=0 START mxfp4_quantize/fp16_128x4_m16384_k7168 (attempt 1)
[bench-suite] 2026-08-14T07:00:31+00:00 bench_2 gpus=1 ok   selective_state_update_stp_horizontal/b64_h64_d128_s128_r8 tirx=48.842µs, flashinfer_cuda=49.706µs
[bench-suite] 2026-08-14T07:00:32+00:00 bench_7 gpus=3 ok   selective_state_update_stp_simple/b64_h64_d128_s128_r8 tirx=65.193µs, flashinfer_cuda=67.340µs
[bench-suite] 2026-08-14T07:00:32+00:00 bench_6 gpus=7 ok   selective_state_update_stp_simple/b64_h64_d64_s256_r8 tirx=53.930µs, flashinfer_cuda=61.249µs
[bench-suite] 2026-08-14T07:00:32+00:00 bench_0 gpus=6 ok   selective_state_update_stp_horizontal/b64_h64_d64_s256_r8 tirx=47.003µs, flashinfer_cuda=47.361µs
[bench-suite] 2026-08-14T07:00:33+00:00 bench_2 gpus=1 START mxfp4_quantize/fp16_128x4_m128_k1024 (attempt 1)
[bench-suite] 2026-08-14T07:00:35+00:00 bench_0 gpus=3 START mxfp8_quantize/fp16_128x4_m128_k1024 (attempt 1)
[bench-suite] 2026-08-14T07:00:35+00:00 bench_5 gpus=5 ok   selective_state_update_stp_vertical/b64_h64_d128_s128_r8 tirx=47.379µs, flashinfer_cuda=54.390µs
[bench-suite] 2026-08-14T07:00:35+00:00 bench_6 gpus=7 START mxfp8_quantize/fp16_128x4_m16384_k7168 (attempt 1)
[bench-suite] 2026-08-14T07:00:39+00:00 bench_7 gpus=6 START mxfp8_quantize/fp16_linear_m4096_k4096 (attempt 1)
[bench-suite] 2026-08-14T07:00:41+00:00 bench_5 gpus=5 START nvfp4_quantize/fp16_linear_m4096_k4096 (attempt 1)
[bench-suite] 2026-08-14T07:00:45+00:00 bench_1 gpus=2 ok   selective_state_update_stp_vertical/b64_h64_d64_s256_r8 tirx=46.161µs, flashinfer_cuda=48.866µs
[bench-suite] 2026-08-14T07:00:46+00:00 bench_1 gpus=2 START nvfp4_quantize/fp16_128x4_m16384_k7168 (attempt 1)
[bench-suite] 2026-08-14T07:00:49+00:00 bench_3 gpus=4 ok   mxfp4_quantize/fp16_linear_m4096_k4096 tirx=10.186µs, flashinfer=10.339µs
[bench-suite] 2026-08-14T07:00:49+00:00 bench_3 gpus=4 START nvfp4_quantize/fp16_128x4_m128_k1024 (attempt 1)
[bench-suite] 2026-08-14T07:00:52+00:00 bench_4 gpus=0 ok   mxfp4_quantize/fp16_128x4_m16384_k7168 tirx=52.566µs, flashinfer=52.974µs
[bench-suite] 2026-08-14T07:00:52+00:00 bench_4 gpus=0 START nvfp4_quantize_per_token/fp16_linear_m4096_k4096 (attempt 1)
[bench-suite] 2026-08-14T07:00:57+00:00 bench_2 gpus=1 ok   mxfp4_quantize/fp16_128x4_m128_k1024 tirx=2.872µs, flashinfer=2.898µs
[bench-suite] 2026-08-14T07:00:58+00:00 bench_2 gpus=1 START nvfp4_quantize_per_token/fp16_128x4_m16384_k7168 (attempt 1)
[bench-suite] 2026-08-14T07:00:58+00:00 bench_0 gpus=3 ok   mxfp8_quantize/fp16_128x4_m128_k1024 tirx=2.542µs, flashinfer=2.600µs
[bench-suite] 2026-08-14T07:01:00+00:00 bench_6 gpus=7 ok   mxfp8_quantize/fp16_128x4_m16384_k7168 tirx=60.064µs, flashinfer=60.471µs
[bench-suite] 2026-08-14T07:01:00+00:00 bench_0 gpus=3 START nvfp4_quantize_per_token/fp16_128x4_m128_k1024 (attempt 1)
[bench-suite] 2026-08-14T07:01:01+00:00 bench_6 gpus=7 START sparse_flashmla_decode_head64/deepseek_v4_v32_b128_sq2_sk32768_topk2048_p64 (attempt 1)
[bench-suite] 2026-08-14T07:01:02+00:00 bench_7 gpus=6 ok   mxfp8_quantize/fp16_linear_m4096_k4096 tirx=11.277µs, flashinfer=11.287µs
[bench-suite] 2026-08-14T07:01:04+00:00 bench_7 gpus=6 START sparse_flashmla_decode_head64/model1_b2_sq2_sk16384_topk128_p256_xsk16384_xtopk512_xp64 (attempt 1)
[bench-suite] 2026-08-14T07:01:05+00:00 bench_5 gpus=5 ok   nvfp4_quantize/fp16_linear_m4096_k4096 tirx=10.410µs, flashinfer=10.493µs
[bench-suite] 2026-08-14T07:01:06+00:00 bench_5 gpus=5 START sparse_flashmla_decode_head64/v32_b148_sq2_sk32768_topk16384_p64 (attempt 1)
[bench-suite] 2026-08-14T07:01:09+00:00 bench_1 gpus=2 ok   nvfp4_quantize/fp16_128x4_m16384_k7168 tirx=55.975µs, flashinfer=55.821µs
[bench-suite] 2026-08-14T07:01:12+00:00 bench_3 gpus=4 ok   nvfp4_quantize/fp16_128x4_m128_k1024 tirx=2.529µs, flashinfer=2.548µs
[bench-suite] 2026-08-14T07:01:16+00:00 bench_4 gpus=0 ok   nvfp4_quantize_per_token/fp16_linear_m4096_k4096 tirx=12.114µs, flashinfer=13.146µs
[bench-suite] 2026-08-14T07:01:16+00:00 bench_1 gpus=2 START sparse_flashmla_prefill_head128_phase1/bench_regular_dqk512_hq128_s4096_kv8192_topk2048 (attempt 1)
[bench-suite] 2026-08-14T07:01:18+00:00 bench_3 gpus=0 START sparse_flashmla_prefill_head128_phase1/bench_regular_dqk512_hq128_s4096_kv65536_topk2048 (attempt 1)
[bench-suite] 2026-08-14T07:01:22+00:00 bench_2 gpus=1 ok   nvfp4_quantize_per_token/fp16_128x4_m16384_k7168 tirx=57.658µs, flashinfer=59.178µs
[bench-suite] 2026-08-14T07:01:23+00:00 bench_4 gpus=4 START sparse_flashmla_prefill_head128_phase1/bench_regular_dqk576_hq128_s4096_kv32768_topk2048 (attempt 1)
[bench-suite] 2026-08-14T07:01:23+00:00 bench_0 gpus=3 ok   nvfp4_quantize_per_token/fp16_128x4_m128_k1024 tirx=2.717µs, flashinfer=2.847µs
[bench-suite] 2026-08-14T07:01:24+00:00 bench_0 gpus=3 START sparse_flashmla_prefill_head128_small_topk_phase1/bench_smalltopk_dqk512_hq128_s4096_kv32768_topk1280 (attempt 1)
[bench-suite] 2026-08-14T07:01:24+00:00 bench_2 gpus=1 START sparse_flashmla_prefill_head128_small_topk_phase1/bench_smalltopk_dqk512_hq128_s4096_kv8192_topk1280 (attempt 1)
[bench-suite] 2026-08-14T07:01:27+00:00 bench_6 gpus=7 ok   sparse_flashmla_decode_head64/deepseek_v4_v32_b128_sq2_sk32768_topk2048_p64 tirx=136.921µs, flashmla=144.831µs
[bench-suite] 2026-08-14T07:01:28+00:00 bench_6 gpus=7 START sparse_flashmla_prefill_head128_small_topk_phase1/bench_smalltopk_dqk512_hq128_s4096_kv65536_topk1280 (attempt 1)
[bench-suite] 2026-08-14T07:01:31+00:00 bench_7 gpus=6 ok   sparse_flashmla_decode_head64/model1_b2_sq2_sk16384_topk128_p256_xsk16384_xtopk512_xp64 tirx=16.687µs, flashmla=21.368µs
[bench-suite] 2026-08-14T07:01:32+00:00 bench_7 gpus=6 START sparse_flashmla_prefill_head64_phase1/bench_dqk512_hq64_s4096_kv8192_topk512 (attempt 1)
[bench-suite] 2026-08-14T07:01:33+00:00 bench_5 gpus=5 ok   sparse_flashmla_decode_head64/v32_b148_sq2_sk32768_topk16384_p64 tirx=913.108µs, flashmla=975.141µs
[bench-suite] 2026-08-14T07:01:34+00:00 bench_5 gpus=5 START sparse_flashmla_prefill_head64_phase1/bench_dqk512_hq64_s4096_kv65536_topk512 (attempt 1)
[bench-suite] 2026-08-14T07:01:39+00:00 bench_1 gpus=2 ok   sparse_flashmla_prefill_head128_phase1/bench_regular_dqk512_hq128_s4096_kv8192_topk2048 tirx=1708.362µs, flashmla=1723.298µs
[bench-suite] 2026-08-14T07:01:40+00:00 bench_1 gpus=2 START sparse_flashmla_prefill_head64_phase1/bench_dqk576_hq64_s4096_kv32768_topk512 (attempt 1)
[bench-suite] 2026-08-14T07:01:40+00:00 bench_3 gpus=0 ok   sparse_flashmla_prefill_head128_phase1/bench_regular_dqk512_hq128_s4096_kv65536_topk2048 tirx=1859.064µs, flashmla=1879.724µs
[bench-suite] 2026-08-14T07:01:46+00:00 bench_0 gpus=3 ok   sparse_flashmla_prefill_head128_small_topk_phase1/bench_smalltopk_dqk512_hq128_s4096_kv32768_topk1280 tirx=1160.497µs, flashmla=1181.984µs
[bench-suite] 2026-08-14T07:01:46+00:00 bench_2 gpus=1 ok   sparse_flashmla_prefill_head128_small_topk_phase1/bench_smalltopk_dqk512_hq128_s4096_kv8192_topk1280 tirx=1149.234µs, flashmla=1167.094µs
[bench-suite] 2026-08-14T07:01:50+00:00 bench_6 gpus=7 ok   sparse_flashmla_prefill_head128_small_topk_phase1/bench_smalltopk_dqk512_hq128_s4096_kv65536_topk1280 tirx=1191.152µs, flashmla=1211.628µs
[bench-suite] 2026-08-14T07:01:53+00:00 bench_7 gpus=6 ok   sparse_flashmla_prefill_head64_phase1/bench_dqk512_hq64_s4096_kv8192_topk512 tirx=364.689µs, flashmla=369.112µs
[bench-suite] 2026-08-14T07:01:56+00:00 bench_5 gpus=5 ok   sparse_flashmla_prefill_head64_phase1/bench_dqk512_hq64_s4096_kv65536_topk512 tirx=380.382µs, flashmla=385.603µs
[bench-suite] 2026-08-14T07:02:19+00:00 bench_1 gpus=2 ok   sparse_flashmla_prefill_head64_phase1/bench_dqk576_hq64_s4096_kv32768_topk512 tirx=384.218µs, flashmla=393.250µs, trtllm_gen=452.617µs
[bench-suite] 2026-08-14T07:02:19+00:00 bench_4 gpus=4 ok   sparse_flashmla_prefill_head128_phase1/bench_regular_dqk576_hq128_s4096_kv32768_topk2048 tirx=1856.457µs, flashmla=1852.304µs, trtllm_gen=2075.737µs
[bench-suite] interference retry summary: none
[bench-suite] wrote /home/hongyij/workspace/worktrees/20260812-160102-3370505/tirx-kernels/bench_pipeline_suite_speedup_106_artifacts/before-1/suite/runs/1.json
[bench-suite] wrote /home/hongyij/workspace/worktrees/20260812-160102-3370505/tirx-kernels/bench_pipeline_suite_speedup_106_artifacts/before-1/suite/reports/1/summary.md
